<html>
<body>
<pre>
<h1>礦ision Build Log</h1>
<h2>Tool Versions:</h2>
IDE-Version: μVision V5.14.0.0
Copyright (C) 2015 ARM Ltd and ARM Germany GmbH. All rights reserved.
License Information: 1 2, 1, LIC=9N001-CX66K-QG97I-TREC5-48UH8-XIFF5
 
Tool Versions:
Toolchain:       MDK-ARM Professional  Version: 5.14.0.0
Toolchain Path:  D:\software\keil5\ARM\ARMCC\Bin
C Compiler:      Armcc.exe V5.05 update 1 (build 106)
Assembler:       Armasm.exe V5.05 update 1 (build 106)
Linker/Locator:  ArmLink.exe V5.05 update 1 (build 106)
Library Manager: ArmAr.exe V5.05 update 1 (build 106)
Hex Converter:   FromElf.exe V5.05 update 1 (build 106)
CPU DLL:         SARMCM3.DLL V5.14.0.0
Dialog DLL:      DCM.DLL V1.13.1.0
Target DLL:      Segger\JL2CM3.dll V2.99.13.0
Dialog DLL:      TCM.DLL V1.14.4.0
 
<h2>Project:</h2>
C:\Users\wpr\Desktop\DIY清华二校门\嵌入式软件\Tsinghua_Door\USER\TsinghuaDoor.uvprojx
Project File Date:  07/03/2020

<h2>Output:</h2>
Build target 'TsinghuaDoor'
compiling main.c...
main.c(57): warning:  #111-D: statement is unreachable
    OLED_CLS();
main.c(23): warning:  #177-D: variable "Widget_Image_Battery" was declared but never referenced
        static Widget_Image_Handle Widget_Image_Battery;
main.c(28): warning:  #177-D: variable "F14x16_Idx3" was declared but never referenced
        u8 F14x16_Idx3[] = {"录取通知书生成中"};
main.c: 3 warnings, 0 errors
linking...
Program Size: Code=9704 RO-data=4276 RW-data=2720 ZI-data=11688  
FromELF: creating hex file...
"..\OBJ\TsinghuaDoor.axf" - 0 Error(s), 3 Warning(s).

<h2>Collection of Component include folders:</h2>
  C:\Users\wpr\Desktop\DIY清华二校门\嵌入式软件\Tsinghua_Door\USER\RTE
  D:\software\keil5\ARM\PACK\Keil\STM32F1xx_DFP\1.0.5\Device\Include

<h2>Collection of Component Files used:</h2>
</pre>
</body>
</html>
