Component: ARM Compiler 5.05 update 1 (build 106) Tool: armlink [4d0efa]

==============================================================================

Section Cross References

    main.o(i.main) refers to rt_memcpy_w.o(.text) for __aeabi_memcpy4
    main.o(i.main) refers to delay.o(i.delay_init) for delay_init
    main.o(i.main) refers to beep.o(i.BEEP_Init) for BEEP_Init
    main.o(i.main) refers to led.o(i.LED_Init) for LED_Init
    main.o(i.main) refers to ws2812b.o(i.Timer1_init) for Timer1_init
    main.o(i.main) refers to oled.o(i.OLED_Init) for OLED_Init
    main.o(i.main) refers to key.o(i.KEY_Init) for KEY_Init
    main.o(i.main) refers to game_turtle.o(i.turtle_evil) for turtle_evil
    main.o(i.main) refers to oled.o(i.OLED_CLS) for OLED_CLS
    main.o(i.main) refers to oled.o(i.OLED_P14x16Str) for OLED_P14x16Str
    main.o(i.main) refers to gui_widget_progbar.o(i.gui_widget_progbar_create) for gui_widget_progbar_create
    main.o(i.main) refers to gui_widget_progbar.o(i.gui_widget_progbar_set_value) for gui_widget_progbar_set_value
    main.o(i.main) refers to delay.o(i.delay_ms) for delay_ms
    main.o(i.main) refers to main.o(.data) for Widget_Progbar
    system_stm32f10x.o(i.SetSysClock) refers to system_stm32f10x.o(i.SetSysClockTo72) for SetSysClockTo72
    system_stm32f10x.o(i.SystemCoreClockUpdate) refers to system_stm32f10x.o(.data) for SystemCoreClock
    system_stm32f10x.o(i.SystemInit) refers to system_stm32f10x.o(i.SetSysClock) for SetSysClock
    led.o(i.LED_Init) refers to stm32f10x_rcc.o(i.RCC_APB2PeriphClockCmd) for RCC_APB2PeriphClockCmd
    led.o(i.LED_Init) refers to stm32f10x_gpio.o(i.GPIO_Init) for GPIO_Init
    led.o(i.LED_Init) refers to stm32f10x_gpio.o(i.GPIO_SetBits) for GPIO_SetBits
    ws2812b.o(i.Timer1_init) refers to stm32f10x_rcc.o(i.RCC_APB2PeriphClockCmd) for RCC_APB2PeriphClockCmd
    ws2812b.o(i.Timer1_init) refers to stm32f10x_gpio.o(i.GPIO_Init) for GPIO_Init
    ws2812b.o(i.Timer1_init) refers to stm32f10x_tim.o(i.TIM_TimeBaseInit) for TIM_TimeBaseInit
    ws2812b.o(i.Timer1_init) refers to stm32f10x_tim.o(i.TIM_OC1Init) for TIM_OC1Init
    ws2812b.o(i.Timer1_init) refers to stm32f10x_rcc.o(i.RCC_AHBPeriphClockCmd) for RCC_AHBPeriphClockCmd
    ws2812b.o(i.Timer1_init) refers to stm32f10x_dma.o(i.DMA_DeInit) for DMA_DeInit
    ws2812b.o(i.Timer1_init) refers to stm32f10x_dma.o(i.DMA_Init) for DMA_Init
    ws2812b.o(i.Timer1_init) refers to stm32f10x_tim.o(i.TIM_DMACmd) for TIM_DMACmd
    ws2812b.o(i.Timer1_init) refers to ws2812b.o(.bss) for LED_BYTE_Buffer
    ws2812b.o(i.WS2812_send) refers to stm32f10x_dma.o(i.DMA_SetCurrDataCounter) for DMA_SetCurrDataCounter
    ws2812b.o(i.WS2812_send) refers to stm32f10x_dma.o(i.DMA_Cmd) for DMA_Cmd
    ws2812b.o(i.WS2812_send) refers to stm32f10x_tim.o(i.TIM_Cmd) for TIM_Cmd
    ws2812b.o(i.WS2812_send) refers to stm32f10x_dma.o(i.DMA_GetFlagStatus) for DMA_GetFlagStatus
    ws2812b.o(i.WS2812_send) refers to stm32f10x_dma.o(i.DMA_ClearFlag) for DMA_ClearFlag
    ws2812b.o(i.WS2812_send) refers to ws2812b.o(.bss) for LED_BYTE_Buffer
    ws2812b.o(i.WS2812_send_10_led) refers to stm32f10x_dma.o(i.DMA_SetCurrDataCounter) for DMA_SetCurrDataCounter
    ws2812b.o(i.WS2812_send_10_led) refers to stm32f10x_dma.o(i.DMA_Cmd) for DMA_Cmd
    ws2812b.o(i.WS2812_send_10_led) refers to stm32f10x_tim.o(i.TIM_Cmd) for TIM_Cmd
    ws2812b.o(i.WS2812_send_10_led) refers to stm32f10x_dma.o(i.DMA_GetFlagStatus) for DMA_GetFlagStatus
    ws2812b.o(i.WS2812_send_10_led) refers to stm32f10x_dma.o(i.DMA_ClearFlag) for DMA_ClearFlag
    ws2812b.o(i.WS2812_send_10_led) refers to ws2812b.o(.data) for AllColor
    ws2812b.o(i.WS2812_send_10_led) refers to ws2812b.o(.bss) for ten_color
    ws2812b.o(i.Water_Lamp) refers to ws2812b.o(i.WS2812_send_10_led) for WS2812_send_10_led
    ws2812b.o(i.Water_Lamp) refers to delay.o(i.delay_ms) for delay_ms
    ws2812b.o(i.Water_Lamp) refers to ws2812b.o(.bss) for ten_color_table
    oled.o(i.Draw_BMP) refers to oled.o(i.OLED_Set_Pos) for OLED_Set_Pos
    oled.o(i.Draw_BMP) refers to oled.o(i.OLED_WrDat) for OLED_WrDat
    oled.o(i.Map_data_Init) refers to oled.o(.bss) for OLED_GRAM_Map
    oled.o(i.OLED_CLS) refers to oled.o(i.OLED_WrCmd) for OLED_WrCmd
    oled.o(i.OLED_CLS) refers to oled.o(i.OLED_WrDat) for OLED_WrDat
    oled.o(i.OLED_DawaLine) refers to oled.o(i.OLED_DrawPoint) for OLED_DrawPoint
    oled.o(i.OLED_DawaLine) refers to oled.o(i.OLED_Refresh_Gram) for OLED_Refresh_Gram
    oled.o(i.OLED_DrawBMP) refers to oled.o(i.OLED_Set_Pos) for OLED_Set_Pos
    oled.o(i.OLED_DrawBMP) refers to oled.o(i.OLED_WrDat) for OLED_WrDat
    oled.o(i.OLED_DrawPoint) refers to oled.o(i.OLED_Refresh_Gram) for OLED_Refresh_Gram
    oled.o(i.OLED_DrawPoint) refers to oled.o(.bss) for OLED_GRAM_Map
    oled.o(i.OLED_DrawSquare) refers to oled.o(i.OLED_DawaLine) for OLED_DawaLine
    oled.o(i.OLED_DrawSquare) refers to oled.o(i.OLED_Refresh_Gram) for OLED_Refresh_Gram
[...]
    Removing stm32f10x_rcc.o(i.RCC_GetClocksFreq), (212 bytes).
    Removing stm32f10x_rcc.o(i.RCC_GetFlagStatus), (60 bytes).
    Removing stm32f10x_rcc.o(i.RCC_GetITStatus), (24 bytes).
    Removing stm32f10x_rcc.o(i.RCC_GetSYSCLKSource), (16 bytes).
    Removing stm32f10x_rcc.o(i.RCC_HCLKConfig), (24 bytes).
    Removing stm32f10x_rcc.o(i.RCC_HSEConfig), (76 bytes).
    Removing stm32f10x_rcc.o(i.RCC_HSICmd), (12 bytes).
    Removing stm32f10x_rcc.o(i.RCC_ITConfig), (32 bytes).
    Removing stm32f10x_rcc.o(i.RCC_LSEConfig), (52 bytes).
    Removing stm32f10x_rcc.o(i.RCC_LSICmd), (12 bytes).
    Removing stm32f10x_rcc.o(i.RCC_MCOConfig), (12 bytes).
    Removing stm32f10x_rcc.o(i.RCC_PCLK1Config), (24 bytes).
    Removing stm32f10x_rcc.o(i.RCC_PCLK2Config), (24 bytes).
    Removing stm32f10x_rcc.o(i.RCC_PLLCmd), (12 bytes).
    Removing stm32f10x_rcc.o(i.RCC_PLLConfig), (28 bytes).
    Removing stm32f10x_rcc.o(i.RCC_RTCCLKCmd), (12 bytes).
    Removing stm32f10x_rcc.o(i.RCC_RTCCLKConfig), (16 bytes).
    Removing stm32f10x_rcc.o(i.RCC_SYSCLKConfig), (24 bytes).
    Removing stm32f10x_rcc.o(i.RCC_USBCLKConfig), (12 bytes).
    Removing stm32f10x_rcc.o(i.RCC_WaitForHSEStartUp), (56 bytes).
    Removing stm32f10x_rcc.o(.data), (20 bytes).
    Removing stm32f10x_usart.o(i.USART_ClearFlag), (18 bytes).
    Removing stm32f10x_usart.o(i.USART_ClearITPendingBit), (30 bytes).
    Removing stm32f10x_usart.o(i.USART_ClockInit), (34 bytes).
    Removing stm32f10x_usart.o(i.USART_ClockStructInit), (12 bytes).
    Removing stm32f10x_usart.o(i.USART_Cmd), (24 bytes).
    Removing stm32f10x_usart.o(i.USART_DMACmd), (18 bytes).
    Removing stm32f10x_usart.o(i.USART_DeInit), (156 bytes).
    Removing stm32f10x_usart.o(i.USART_GetFlagStatus), (26 bytes).
    Removing stm32f10x_usart.o(i.USART_HalfDuplexCmd), (24 bytes).
    Removing stm32f10x_usart.o(i.USART_ITConfig), (74 bytes).
    Removing stm32f10x_usart.o(i.USART_Init), (216 bytes).
    Removing stm32f10x_usart.o(i.USART_IrDACmd), (24 bytes).
    Removing stm32f10x_usart.o(i.USART_IrDAConfig), (18 bytes).
    Removing stm32f10x_usart.o(i.USART_LINBreakDetectLengthConfig), (18 bytes).
    Removing stm32f10x_usart.o(i.USART_LINCmd), (24 bytes).
    Removing stm32f10x_usart.o(i.USART_OneBitMethodCmd), (24 bytes).
    Removing stm32f10x_usart.o(i.USART_OverSampling8Cmd), (22 bytes).
    Removing stm32f10x_usart.o(i.USART_ReceiverWakeUpCmd), (24 bytes).
    Removing stm32f10x_usart.o(i.USART_SendBreak), (10 bytes).
    Removing stm32f10x_usart.o(i.USART_SendData), (8 bytes).
    Removing stm32f10x_usart.o(i.USART_SetAddress), (18 bytes).
    Removing stm32f10x_usart.o(i.USART_SetGuardTime), (16 bytes).
    Removing stm32f10x_usart.o(i.USART_SetPrescaler), (16 bytes).
    Removing stm32f10x_usart.o(i.USART_SmartCardCmd), (24 bytes).
    Removing stm32f10x_usart.o(i.USART_SmartCardNACKCmd), (24 bytes).
    Removing stm32f10x_usart.o(i.USART_StructInit), (24 bytes).
    Removing stm32f10x_usart.o(i.USART_WakeUpConfig), (18 bytes).
    Removing stm32f10x_dma.o(i.DMA_ClearFlag), (28 bytes).
    Removing stm32f10x_dma.o(i.DMA_ClearITPendingBit), (28 bytes).
    Removing stm32f10x_dma.o(i.DMA_Cmd), (24 bytes).
    Removing stm32f10x_dma.o(i.DMA_GetCurrDataCounter), (8 bytes).
    Removing stm32f10x_dma.o(i.DMA_GetFlagStatus), (44 bytes).
    Removing stm32f10x_dma.o(i.DMA_GetITStatus), (44 bytes).
    Removing stm32f10x_dma.o(i.DMA_ITConfig), (18 bytes).
    Removing stm32f10x_dma.o(i.DMA_SetCurrDataCounter), (4 bytes).
    Removing stm32f10x_dma.o(i.DMA_StructInit), (26 bytes).
    Removing stm32f10x_tim.o(i.TI1_Config), (128 bytes).
    Removing stm32f10x_tim.o(i.TI2_Config), (152 bytes).
    Removing stm32f10x_tim.o(i.TI3_Config), (144 bytes).
    Removing stm32f10x_tim.o(i.TI4_Config), (152 bytes).
    Removing stm32f10x_tim.o(i.TIM_ARRPreloadConfig), (24 bytes).
    Removing stm32f10x_tim.o(i.TIM_BDTRConfig), (32 bytes).
    Removing stm32f10x_tim.o(i.TIM_BDTRStructInit), (18 bytes).
    Removing stm32f10x_tim.o(i.TIM_CCPreloadControl), (24 bytes).
    Removing stm32f10x_tim.o(i.TIM_CCxCmd), (30 bytes).
    Removing stm32f10x_tim.o(i.TIM_CCxNCmd), (30 bytes).
    Removing stm32f10x_tim.o(i.TIM_ClearFlag), (6 bytes).
    Removing stm32f10x_tim.o(i.TIM_ClearITPendingBit), (6 bytes).
    Removing stm32f10x_tim.o(i.TIM_ClearOC1Ref), (18 bytes).
    Removing stm32f10x_tim.o(i.TIM_ClearOC2Ref), (24 bytes).
    Removing stm32f10x_tim.o(i.TIM_ClearOC3Ref), (18 bytes).
    Removing stm32f10x_tim.o(i.TIM_ClearOC4Ref), (24 bytes).
    Removing stm32f10x_tim.o(i.TIM_Cmd), (24 bytes).
    Removing stm32f10x_tim.o(i.TIM_CounterModeConfig), (18 bytes).
    Removing stm32f10x_tim.o(i.TIM_CtrlPWMOutputs), (30 bytes).
    Removing stm32f10x_tim.o(i.TIM_DMAConfig), (10 bytes).
    Removing stm32f10x_tim.o(i.TIM_DeInit), (488 bytes).
    Removing stm32f10x_tim.o(i.TIM_ETRClockMode1Config), (54 bytes).
    Removing stm32f10x_tim.o(i.TIM_ETRClockMode2Config), (32 bytes).
    Removing stm32f10x_tim.o(i.TIM_ETRConfig), (28 bytes).
    Removing stm32f10x_tim.o(i.TIM_EncoderInterfaceConfig), (66 bytes).
    Removing stm32f10x_tim.o(i.TIM_ForcedOC1Config), (18 bytes).
    Removing stm32f10x_tim.o(i.TIM_ForcedOC2Config), (26 bytes).
    Removing stm32f10x_tim.o(i.TIM_ForcedOC3Config), (18 bytes).
    Removing stm32f10x_tim.o(i.TIM_ForcedOC4Config), (26 bytes).
    Removing stm32f10x_tim.o(i.TIM_GenerateEvent), (4 bytes).
    Removing stm32f10x_tim.o(i.TIM_GetCapture1), (6 bytes).
    Removing stm32f10x_tim.o(i.TIM_GetCapture2), (6 bytes).
    Removing stm32f10x_tim.o(i.TIM_GetCapture3), (6 bytes).
    Removing stm32f10x_tim.o(i.TIM_GetCapture4), (8 bytes).
    Removing stm32f10x_tim.o(i.TIM_GetCounter), (6 bytes).
    Removing stm32f10x_tim.o(i.TIM_GetFlagStatus), (18 bytes).
    Removing stm32f10x_tim.o(i.TIM_GetITStatus), (34 bytes).
    Removing stm32f10x_tim.o(i.TIM_GetPrescaler), (6 bytes).
    Removing stm32f10x_tim.o(i.TIM_ICInit), (172 bytes).
    Removing stm32f10x_tim.o(i.TIM_ICStructInit), (18 bytes).
    Removing stm32f10x_tim.o(i.TIM_ITConfig), (18 bytes).
    Removing stm32f10x_tim.o(i.TIM_ITRxExternalClockConfig), (24 bytes).
    Removing stm32f10x_tim.o(i.TIM_InternalClockConfig), (12 bytes).
    Removing stm32f10x_tim.o(i.TIM_OC1FastConfig), (18 bytes).
    Removing stm32f10x_tim.o(i.TIM_OC1NPolarityConfig), (18 bytes).
    Removing stm32f10x_tim.o(i.TIM_OC1PolarityConfig), (18 bytes).
    Removing stm32f10x_tim.o(i.TIM_OC1PreloadConfig), (18 bytes).
    Removing stm32f10x_tim.o(i.TIM_OC2FastConfig), (26 bytes).
    Removing stm32f10x_tim.o(i.TIM_OC2Init), (164 bytes).
    Removing stm32f10x_tim.o(i.TIM_OC2NPolarityConfig), (26 bytes).
    Removing stm32f10x_tim.o(i.TIM_OC2PolarityConfig), (26 bytes).
    Removing stm32f10x_tim.o(i.TIM_OC2PreloadConfig), (26 bytes).
    Removing stm32f10x_tim.o(i.TIM_OC3FastConfig), (18 bytes).
    Removing stm32f10x_tim.o(i.TIM_OC3Init), (160 bytes).
    Removing stm32f10x_tim.o(i.TIM_OC3NPolarityConfig), (26 bytes).
    Removing stm32f10x_tim.o(i.TIM_OC3PolarityConfig), (26 bytes).
    Removing stm32f10x_tim.o(i.TIM_OC3PreloadConfig), (18 bytes).
    Removing stm32f10x_tim.o(i.TIM_OC4FastConfig), (26 bytes).
    Removing stm32f10x_tim.o(i.TIM_OC4Init), (124 bytes).
    Removing stm32f10x_tim.o(i.TIM_OC4PolarityConfig), (26 bytes).
    Removing stm32f10x_tim.o(i.TIM_OC4PreloadConfig), (26 bytes).
    Removing stm32f10x_tim.o(i.TIM_OCStructInit), (20 bytes).
    Removing stm32f10x_tim.o(i.TIM_PWMIConfig), (124 bytes).
    Removing stm32f10x_tim.o(i.TIM_PrescalerConfig), (6 bytes).
    Removing stm32f10x_tim.o(i.TIM_SelectCCDMA), (24 bytes).
    Removing stm32f10x_tim.o(i.TIM_SelectCOM), (24 bytes).
    Removing stm32f10x_tim.o(i.TIM_SelectHallSensor), (24 bytes).
    Removing stm32f10x_tim.o(i.TIM_SelectInputTrigger), (18 bytes).
    Removing stm32f10x_tim.o(i.TIM_SelectMasterSlaveMode), (18 bytes).
    Removing stm32f10x_tim.o(i.TIM_SelectOCxM), (82 bytes).
    Removing stm32f10x_tim.o(i.TIM_SelectOnePulseMode), (18 bytes).
    Removing stm32f10x_tim.o(i.TIM_SelectOutputTrigger), (18 bytes).
    Removing stm32f10x_tim.o(i.TIM_SelectSlaveMode), (18 bytes).
    Removing stm32f10x_tim.o(i.TIM_SetAutoreload), (4 bytes).
    Removing stm32f10x_tim.o(i.TIM_SetClockDivision), (18 bytes).
    Removing stm32f10x_tim.o(i.TIM_SetCompare1), (4 bytes).
    Removing stm32f10x_tim.o(i.TIM_SetCompare2), (4 bytes).
    Removing stm32f10x_tim.o(i.TIM_SetCompare3), (4 bytes).
    Removing stm32f10x_tim.o(i.TIM_SetCompare4), (6 bytes).
    Removing stm32f10x_tim.o(i.TIM_SetCounter), (4 bytes).
    Removing stm32f10x_tim.o(i.TIM_SetIC1Prescaler), (18 bytes).
    Removing stm32f10x_tim.o(i.TIM_SetIC2Prescaler), (26 bytes).
    Removing stm32f10x_tim.o(i.TIM_SetIC3Prescaler), (18 bytes).
    Removing stm32f10x_tim.o(i.TIM_SetIC4Prescaler), (26 bytes).
    Removing stm32f10x_tim.o(i.TIM_TIxExternalClockConfig), (62 bytes).
    Removing stm32f10x_tim.o(i.TIM_TimeBaseStructInit), (18 bytes).
    Removing stm32f10x_tim.o(i.TIM_UpdateDisableConfig), (24 bytes).
    Removing stm32f10x_tim.o(i.TIM_UpdateRequestConfig), (24 bytes).
    Removing gamemap.o(i.show_stage_left), (134 bytes).
    Removing gamemap.o(i.show_stage_right), (170 bytes).
    Removing game_flow.o(.data), (8 bytes).
    Removing fhz17.o(i.GB18030_17X17_get_address), (536 bytes).
    Removing fhz17.o(i.GB18030_17X17_get_height), (4 bytes).
    Removing fhz17.o(.bss), (17 bytes).
    Removing fhz17.o(.data), (408 bytes).
    Removing fhz20.o(i.GB18030_20X20_get_address), (608 bytes).
    Removing fhz20.o(i.GB18030_20X20_get_height), (4 bytes).
    Removing fhz20.o(.bss), (20 bytes).
    Removing fhz20.o(.data), (580 bytes).
    Removing fhz24.o(i.GB18030_24X24_get_address), (688 bytes).
    Removing fhz24.o(i.GB18030_24X24_get_height), (4 bytes).
    Removing fhz24.o(.bss), (24 bytes).
    Removing fhz24.o(.data), (1200 bytes).
    Removing fhz30.o(i.GB18030_30X30_get_address), (364 bytes).
    Removing fhz30.o(i.GB18030_30X30_get_height), (4 bytes).
    Removing fhz30.o(.bss), (30 bytes).
    Removing fhz30.o(.data), (720 bytes).
    Removing fhz37b.o(i.GB18030_37X37B_get_address), (364 bytes).
    Removing fhz37b.o(i.GB18030_37X37B_get_height), (4 bytes).
    Removing fhz37b.o(.bss), (37 bytes).
    Removing fhz37b.o(.data), (1295 bytes).
    Removing fhz40b.o(i.GB18030_40X40B_get_address), (368 bytes).
    Removing fhz40b.o(i.GB18030_40X40B_get_height), (4 bytes).
    Removing fhz40b.o(.bss), (80 bytes).
    Removing fhz40b.o(.data), (1440 bytes).
    Removing fhz48.o(i.GB18030_48X48_get_address), (368 bytes).
    Removing fhz48.o(i.GB18030_48X48_get_height), (4 bytes).
    Removing fhz48.o(.bss), (96 bytes).
    Removing fhz48.o(.data), (1776 bytes).
    Removing font.o(i.font_get_height), (66 bytes).
    Removing font.o(i.font_read), (174 bytes).
    Removing gui.o(i.gui_init), (2 bytes).
    Removing gui.o(i.gui_widget_delete), (14 bytes).
    Removing gui_2d_lib.o(i.gui_draw_bitmap), (198 bytes).
    Removing gui_2d_lib.o(i.gui_draw_line), (202 bytes).
    Removing gui_text_lib.o(i.gui_disp_char_at), (222 bytes).
    Removing gui_text_lib.o(i.gui_disp_string_at), (104 bytes).
    Removing gui_text_lib.o(i.gui_disp_string_at_ceol), (62 bytes).
    Removing gui_widget_image.o(i.gui_widget_image_create), (36 bytes).
    Removing gui_widget_image.o(i.gui_widget_image_set_bmp), (16 bytes).
    Removing gui_widget_image.o(i.show), (44 bytes).
    Removing gui_widget_text.o(i.gui_widget_text_create), (60 bytes).
    Removing gui_widget_text.o(i.gui_widget_text_set_text), (28 bytes).
    Removing gui_widget_text.o(i.show), (48 bytes).

250 unused section(s) (total 23977 bytes) removed from the image.

==============================================================================

Image Symbol Table

    Local Symbols

    Symbol Name                              Value     Ov Type        Size  Object(Section)

    ../clib/angel/boardlib.s                 0x00000000   Number         0  boardinit1.o ABSOLUTE
    ../clib/angel/boardlib.s                 0x00000000   Number         0  boardshut.o ABSOLUTE
    ../clib/angel/boardlib.s                 0x00000000   Number         0  boardinit2.o ABSOLUTE
    ../clib/angel/boardlib.s                 0x00000000   Number         0  boardinit3.o ABSOLUTE
    ../clib/angel/dczerorl2.s                0x00000000   Number         0  __dczerorl2.o ABSOLUTE
    ../clib/angel/handlers.s                 0x00000000   Number         0  __scatter_zi.o ABSOLUTE
    ../clib/angel/kernel.s                   0x00000000   Number         0  __rtentry4.o ABSOLUTE
    ../clib/angel/kernel.s                   0x00000000   Number         0  rtexit.o ABSOLUTE
    ../clib/angel/kernel.s                   0x00000000   Number         0  __rtentry.o ABSOLUTE
    ../clib/angel/kernel.s                   0x00000000   Number         0  rtexit2.o ABSOLUTE
    ../clib/angel/kernel.s                   0x00000000   Number         0  __rtentry2.o ABSOLUTE
    ../clib/angel/rt.s                       0x00000000   Number         0  rt_heap_descriptor.o ABSOLUTE
    ../clib/angel/rt.s                       0x00000000   Number         0  rt_heap_descriptor_intlibspace.o ABSOLUTE
    ../clib/angel/rt.s                       0x00000000   Number         0  rt_raise.o ABSOLUTE
    ../clib/angel/scatter.s                  0x00000000   Number         0  __scatter.o ABSOLUTE
    ../clib/angel/startup.s                  0x00000000   Number         0  __main.o ABSOLUTE
    ../clib/angel/sys.s                      0x00000000   Number         0  use_no_semi.o ABSOLUTE
    ../clib/angel/sys.s                      0x00000000   Number         0  use_no_semi_2.o ABSOLUTE
    ../clib/angel/sys.s                      0x00000000   Number         0  mutex_dummy.o ABSOLUTE
    ../clib/angel/sys.s                      0x00000000   Number         0  indicate_semi.o ABSOLUTE
    ../clib/angel/sys.s                      0x00000000   Number         0  sys_stackheap_outer.o ABSOLUTE
    ../clib/angel/sys.s                      0x00000000   Number         0  libspace.o ABSOLUTE
    ../clib/angel/sysapp.c                   0x00000000   Number         0  sys_command.o ABSOLUTE
    ../clib/armsys.c                         0x00000000   Number         0  _get_argv.o ABSOLUTE
    ../clib/armsys.c                         0x00000000   Number         0  no_argv.o ABSOLUTE
    ../clib/armsys.c                         0x00000000   Number         0  _get_argv_nomalloc.o ABSOLUTE
    ../clib/armsys.c                         0x00000000   Number         0  argv_veneer.o ABSOLUTE
    ../clib/armsys.c                         0x00000000   Number         0  argv_veneer.o ABSOLUTE
    ../clib/heap1.c                          0x00000000   Number         0  h1_alloc_mt.o ABSOLUTE
    ../clib/heap1.c                          0x00000000   Number         0  h1_init_mt.o ABSOLUTE
    ../clib/heap1.c                          0x00000000   Number         0  h1_free_mt.o ABSOLUTE
    ../clib/heap1.c                          0x00000000   Number         0  h1_alloc.o ABSOLUTE
    ../clib/heap1.c                          0x00000000   Number         0  h1_final_mt.o ABSOLUTE
    ../clib/heap1.c                          0x00000000   Number         0  h1_free.o ABSOLUTE
    ../clib/heap1.c                          0x00000000   Number         0  h1_final.o ABSOLUTE
    ../clib/heap1.c                          0x00000000   Number         0  h1_extend_mt.o ABSOLUTE
    ../clib/heap1.c                          0x00000000   Number         0  h1_extend.o ABSOLUTE
    ../clib/heap1.c                          0x00000000   Number         0  h1_init.o ABSOLUTE
    ../clib/heap2.c                          0x00000000   Number         0  fdtree.o ABSOLUTE
    ../clib/heap2.c                          0x00000000   Number         0  heap2mt.o ABSOLUTE
    ../clib/heap2.c                          0x00000000   Number         0  heap2.o ABSOLUTE
    ../clib/heapalloc.c                      0x00000000   Number         0  maybetermalloc2.o ABSOLUTE
    ../clib/heapalloc.c                      0x00000000   Number         0  malloc.o ABSOLUTE
    ../clib/heapalloc.c                      0x00000000   Number         0  free.o ABSOLUTE
    ../clib/heapalloc.c                      0x00000000   Number         0  maybetermalloc2.o ABSOLUTE
    ../clib/heapalloc.c                      0x00000000   Number         0  hrguard.o ABSOLUTE
    ../clib/heapalloc.c                      0x00000000   Number         0  term_alloc.o ABSOLUTE
    ../clib/heapalloc.c                      0x00000000   Number         0  maybetermalloc1.o ABSOLUTE
    ../clib/heapalloc.c                      0x00000000   Number         0  maybetermalloc1.o ABSOLUTE
    ../clib/heapalloc.c                      0x00000000   Number         0  heapstubs.o ABSOLUTE
    ../clib/heapalloc.c                      0x00000000   Number         0  init_alloc.o ABSOLUTE
    ../clib/heapalloc.c                      0x00000000   Number         0  hguard.o ABSOLUTE
    ../clib/heapaux.c                        0x00000000   Number         0  heapauxa.o ABSOLUTE
    ../clib/heapaux.c                        0x00000000   Number         0  heapauxi.o ABSOLUTE
    ../clib/libinit.s                        0x00000000   Number         0  libinit.o ABSOLUTE
    ../clib/libinit.s                        0x00000000   Number         0  libshutdown.o ABSOLUTE
    ../clib/libinit.s                        0x00000000   Number         0  libshutdown2.o ABSOLUTE
    ../clib/libinit.s                        0x00000000   Number         0  libinit2.o ABSOLUTE
    ../clib/memcpset.s                       0x00000000   Number         0  rt_memcpy_v6.o ABSOLUTE
    ../clib/memcpset.s                       0x00000000   Number         0  rt_memcpy_w.o ABSOLUTE
    ../clib/signal.c                         0x00000000   Number         0  defsig_rtmem_outer.o ABSOLUTE
    ../clib/signal.c                         0x00000000   Number         0  defsig_rtmem_formal.o ABSOLUTE
    ../clib/signal.c                         0x00000000   Number         0  defsig_abrt_inner.o ABSOLUTE
    ../clib/signal.c                         0x00000000   Number         0  defsig_other.o ABSOLUTE
    ../clib/signal.c                         0x00000000   Number         0  defsig_segv_inner.o ABSOLUTE
    ../clib/signal.c                         0x00000000   Number         0  __raise.o ABSOLUTE
    ../clib/signal.c                         0x00000000   Number         0  defsig_rtmem_inner.o ABSOLUTE
    ../clib/signal.c                         0x00000000   Number         0  defsig_rtred_inner.o ABSOLUTE
    ../clib/signal.c                         0x00000000   Number         0  defsig_stak_inner.o ABSOLUTE
    ../clib/signal.c                         0x00000000   Number         0  defsig_general.o ABSOLUTE
    ../clib/signal.c                         0x00000000   Number         0  defsig_pvfn_inner.o ABSOLUTE
    ../clib/signal.c                         0x00000000   Number         0  defsig_fpe_inner.o ABSOLUTE
    ../clib/signal.c                         0x00000000   Number         0  defsig_cppl_inner.o ABSOLUTE
    ../clib/signal.c                         0x00000000   Number         0  defsig_exit.o ABSOLUTE
    ../clib/signal.s                         0x00000000   Number         0  defsig.o ABSOLUTE
    ../clib/stdlib.c                         0x00000000   Number         0  exit.o ABSOLUTE
    ../clib/string.c                         0x00000000   Number         0  strcpy.o ABSOLUTE
    ../clib/string.c                         0x00000000   Number         0  strlen.o ABSOLUTE
    ../fplib/faddsub.s                       0x00000000   Number         0  faddsub_clz.o ABSOLUTE
    ../fplib/fcmpi.s                         0x00000000   Number         0  fcmpi.o ABSOLUTE
    ../fplib/fdiv.s                          0x00000000   Number         0  fdiv.o ABSOLUTE
    ../fplib/ffix.s                          0x00000000   Number         0  ffix.o ABSOLUTE
    ../fplib/ffixu.s                         0x00000000   Number         0  ffixu.o ABSOLUTE
    ../fplib/fflt.s                          0x00000000   Number         0  fflt_clz.o ABSOLUTE
    ../fplib/fleqf.s                         0x00000000   Number         0  fleqf.o ABSOLUTE
    ../fplib/fmul.s                          0x00000000   Number         0  fmul.o ABSOLUTE
    ../fplib/fnaninf.s                       0x00000000   Number         0  fnaninf.o ABSOLUTE
    ../fplib/fpinit.s                        0x00000000   Number         0  fpinit.o ABSOLUTE
    ../fplib/fretinf.s                       0x00000000   Number         0  fretinf.o ABSOLUTE
    ../fplib/usenofp.s                       0x00000000   Number         0  usenofp.o ABSOLUTE
    ..\CORE\core_cm3.c                       0x00000000   Number         0  core_cm3.o ABSOLUTE
    ..\CORE\startup_stm32f10x_hd.s           0x00000000   Number         0  startup_stm32f10x_hd.o ABSOLUTE
    ..\GAME\GameMap.c                        0x00000000   Number         0  gamemap.o ABSOLUTE
    ..\GAME\GameMove.c                       0x00000000   Number         0  gamemove.o ABSOLUTE
    ..\GAME\Game_flow.c                      0x00000000   Number         0  game_flow.o ABSOLUTE
    ..\GAME\Game_turtle.c                    0x00000000   Number         0  game_turtle.o ABSOLUTE
    ..\HARDWARE\BEEP\beep.c                  0x00000000   Number         0  beep.o ABSOLUTE
    ..\HARDWARE\KEY\key.c                    0x00000000   Number         0  key.o ABSOLUTE
    ..\HARDWARE\LED\led.c                    0x00000000   Number         0  led.o ABSOLUTE
    ..\HARDWARE\OLED\oled.c                  0x00000000   Number         0  oled.o ABSOLUTE
    ..\HARDWARE\ws2812\WS2812B.c             0x00000000   Number         0  ws2812b.o ABSOLUTE
    ..\OLED_GUI\FHZ17.c                      0x00000000   Number         0  fhz17.o ABSOLUTE
    ..\OLED_GUI\FHZ20.c                      0x00000000   Number         0  fhz20.o ABSOLUTE
    ..\OLED_GUI\FHZ24.c                      0x00000000   Number         0  fhz24.o ABSOLUTE
    ..\OLED_GUI\FHZ30.c                      0x00000000   Number         0  fhz30.o ABSOLUTE
    ..\OLED_GUI\FHZ37B.c                     0x00000000   Number         0  fhz37b.o ABSOLUTE
    ..\OLED_GUI\FHZ40B.c                     0x00000000   Number         0  fhz40b.o ABSOLUTE
    ..\OLED_GUI\FHZ48.c                      0x00000000   Number         0  fhz48.o ABSOLUTE
    ..\OLED_GUI\font.c                       0x00000000   Number         0  font.o ABSOLUTE
    ..\OLED_GUI\gui.c                        0x00000000   Number         0  gui.o ABSOLUTE
    ..\OLED_GUI\gui_2d_lib.c                 0x00000000   Number         0  gui_2d_lib.o ABSOLUTE
    ..\OLED_GUI\gui_interface.c              0x00000000   Number         0  gui_interface.o ABSOLUTE
    ..\OLED_GUI\gui_text_lib.c               0x00000000   Number         0  gui_text_lib.o ABSOLUTE
    ..\OLED_GUI\gui_widget_image.c           0x00000000   Number         0  gui_widget_image.o ABSOLUTE
    ..\OLED_GUI\gui_widget_progbar.c         0x00000000   Number         0  gui_widget_progbar.o ABSOLUTE
    ..\OLED_GUI\gui_widget_text.c            0x00000000   Number         0  gui_widget_text.o ABSOLUTE
    ..\STM32F10x_FWLib\src\misc.c            0x00000000   Number         0  misc.o ABSOLUTE
    ..\STM32F10x_FWLib\src\stm32f10x_dbgmcu.c 0x00000000   Number         0  stm32f10x_dbgmcu.o ABSOLUTE
    ..\STM32F10x_FWLib\src\stm32f10x_dma.c   0x00000000   Number         0  stm32f10x_dma.o ABSOLUTE
    ..\STM32F10x_FWLib\src\stm32f10x_gpio.c  0x00000000   Number         0  stm32f10x_gpio.o ABSOLUTE
    ..\STM32F10x_FWLib\src\stm32f10x_rcc.c   0x00000000   Number         0  stm32f10x_rcc.o ABSOLUTE
    ..\STM32F10x_FWLib\src\stm32f10x_tim.c   0x00000000   Number         0  stm32f10x_tim.o ABSOLUTE
    ..\STM32F10x_FWLib\src\stm32f10x_usart.c 0x00000000   Number         0  stm32f10x_usart.o ABSOLUTE
    ..\SYSTEM\delay\delay.c                  0x00000000   Number         0  delay.o ABSOLUTE
    ..\SYSTEM\sys\sys.c                      0x00000000   Number         0  sys.o ABSOLUTE
    ..\SYSTEM\usart\usart.c                  0x00000000   Number         0  usart.o ABSOLUTE
    ..\\CORE\\core_cm3.c                     0x00000000   Number         0  core_cm3.o ABSOLUTE
    ..\\SYSTEM\\sys\\sys.c                   0x00000000   Number         0  sys.o ABSOLUTE
    dc.s                                     0x00000000   Number         0  dc.o ABSOLUTE
    main.c                                   0x00000000   Number         0  main.o ABSOLUTE
    stm32f10x_it.c                           0x00000000   Number         0  stm32f10x_it.o ABSOLUTE
    system_stm32f10x.c                       0x00000000   Number         0  system_stm32f10x.o ABSOLUTE
    RESET                                    0x08000000   Section      304  startup_stm32f10x_hd.o(RESET)
    !!!main                                  0x08000130   Section        8  __main.o(!!!main)
    !!!scatter                               0x08000138   Section       52  __scatter.o(!!!scatter)
    !!dczerorl2                              0x0800016c   Section       90  __dczerorl2.o(!!dczerorl2)
    !!handler_zi                             0x080001c8   Section       28  __scatter_zi.o(!!handler_zi)
    .ARM.Collect$$libinit$$00000000          0x080001e4   Section        2  libinit.o(.ARM.Collect$$libinit$$00000000)
    .ARM.Collect$$libinit$$00000002          0x080001e6   Section        0  libinit2.o(.ARM.Collect$$libinit$$00000002)
    .ARM.Collect$$libinit$$00000004          0x080001e6   Section        0  libinit2.o(.ARM.Collect$$libinit$$00000004)
    .ARM.Collect$$libinit$$00000005          0x080001e6   Section        8  libinit2.o(.ARM.Collect$$libinit$$00000005)
    .ARM.Collect$$libinit$$0000000A          0x080001ee   Section        0  libinit2.o(.ARM.Collect$$libinit$$0000000A)
    .ARM.Collect$$libinit$$0000000C          0x080001ee   Section        0  libinit2.o(.ARM.Collect$$libinit$$0000000C)
    .ARM.Collect$$libinit$$0000000E          0x080001ee   Section        0  libinit2.o(.ARM.Collect$$libinit$$0000000E)
    .ARM.Collect$$libinit$$00000011          0x080001ee   Section        0  libinit2.o(.ARM.Collect$$libinit$$00000011)
    .ARM.Collect$$libinit$$00000013          0x080001ee   Section        0  libinit2.o(.ARM.Collect$$libinit$$00000013)
    .ARM.Collect$$libinit$$00000015          0x080001ee   Section        0  libinit2.o(.ARM.Collect$$libinit$$00000015)
    .ARM.Collect$$libinit$$00000017          0x080001ee   Section        0  libinit2.o(.ARM.Collect$$libinit$$00000017)
    .ARM.Collect$$libinit$$00000019          0x080001ee   Section        0  libinit2.o(.ARM.Collect$$libinit$$00000019)
    .ARM.Collect$$libinit$$0000001B          0x080001ee   Section        0  libinit2.o(.ARM.Collect$$libinit$$0000001B)
    .ARM.Collect$$libinit$$0000001D          0x080001ee   Section        0  libinit2.o(.ARM.Collect$$libinit$$0000001D)
    .ARM.Collect$$libinit$$0000001F          0x080001ee   Section        0  libinit2.o(.ARM.Collect$$libinit$$0000001F)
    .ARM.Collect$$libinit$$00000021          0x080001ee   Section        0  libinit2.o(.ARM.Collect$$libinit$$00000021)
    .ARM.Collect$$libinit$$00000023          0x080001ee   Section        0  libinit2.o(.ARM.Collect$$libinit$$00000023)
    .ARM.Collect$$libinit$$00000025          0x080001ee   Section        0  libinit2.o(.ARM.Collect$$libinit$$00000025)
    .ARM.Collect$$libinit$$0000002C          0x080001ee   Section        0  libinit2.o(.ARM.Collect$$libinit$$0000002C)
    .ARM.Collect$$libinit$$0000002E          0x080001ee   Section        0  libinit2.o(.ARM.Collect$$libinit$$0000002E)
    .ARM.Collect$$libinit$$00000030          0x080001ee   Section        0  libinit2.o(.ARM.Collect$$libinit$$00000030)
    .ARM.Collect$$libinit$$00000032          0x080001ee   Section        0  libinit2.o(.ARM.Collect$$libinit$$00000032)
    .ARM.Collect$$libinit$$00000033          0x080001ee   Section        2  libinit2.o(.ARM.Collect$$libinit$$00000033)
    .ARM.Collect$$libshutdown$$00000000      0x080001f0   Section        2  libshutdown.o(.ARM.Collect$$libshutdown$$00000000)
    .ARM.Collect$$libshutdown$$00000003      0x080001f2   Section        0  libshutdown2.o(.ARM.Collect$$libshutdown$$00000003)
    .ARM.Collect$$libshutdown$$00000006      0x080001f2   Section        0  libshutdown2.o(.ARM.Collect$$libshutdown$$00000006)
    .ARM.Collect$$libshutdown$$00000009      0x080001f2   Section        0  libshutdown2.o(.ARM.Collect$$libshutdown$$00000009)
    .ARM.Collect$$libshutdown$$0000000B      0x080001f2   Section        0  libshutdown2.o(.ARM.Collect$$libshutdown$$0000000B)
    .ARM.Collect$$libshutdown$$0000000E      0x080001f2   Section        0  libshutdown2.o(.ARM.Collect$$libshutdown$$0000000E)
    .ARM.Collect$$libshutdown$$0000000F      0x080001f2   Section        2  libshutdown2.o(.ARM.Collect$$libshutdown$$0000000F)
    .ARM.Collect$$rtentry$$00000000          0x080001f4   Section        0  __rtentry.o(.ARM.Collect$$rtentry$$00000000)
    .ARM.Collect$$rtentry$$00000002          0x080001f4   Section        0  __rtentry2.o(.ARM.Collect$$rtentry$$00000002)
    .ARM.Collect$$rtentry$$00000004          0x080001f4   Section        6  __rtentry4.o(.ARM.Collect$$rtentry$$00000004)
    .ARM.Collect$$rtentry$$00000009          0x080001fa   Section        0  __rtentry2.o(.ARM.Collect$$rtentry$$00000009)
    .ARM.Collect$$rtentry$$0000000A          0x080001fa   Section        4  __rtentry2.o(.ARM.Collect$$rtentry$$0000000A)
    .ARM.Collect$$rtentry$$0000000C          0x080001fe   Section        0  __rtentry2.o(.ARM.Collect$$rtentry$$0000000C)
    .ARM.Collect$$rtentry$$0000000D          0x080001fe   Section        8  __rtentry2.o(.ARM.Collect$$rtentry$$0000000D)
    .ARM.Collect$$rtexit$$00000000           0x08000206   Section        2  rtexit.o(.ARM.Collect$$rtexit$$00000000)
    .ARM.Collect$$rtexit$$00000002           0x08000208   Section        0  rtexit2.o(.ARM.Collect$$rtexit$$00000002)
    .ARM.Collect$$rtexit$$00000003           0x08000208   Section        4  rtexit2.o(.ARM.Collect$$rtexit$$00000003)
    .ARM.Collect$$rtexit$$00000004           0x0800020c   Section        6  rtexit2.o(.ARM.Collect$$rtexit$$00000004)
    .emb_text                                0x08000214   Section        0  maybetermalloc1.o(.emb_text)
    .text                                    0x08000214   Section       64  startup_stm32f10x_hd.o(.text)
    .text                                    0x08000254   Section        2  use_no_semi_2.o(.text)
    .text                                    0x08000256   Section        0  h1_alloc.o(.text)
    .text                                    0x080002b4   Section        0  h1_free.o(.text)
    .text                                    0x08000302   Section      100  rt_memcpy_w.o(.text)
    .text                                    0x08000366   Section        0  heapauxi.o(.text)
    .text                                    0x0800036c   Section        2  use_no_semi.o(.text)
    .text                                    0x08000370   Section        8  rt_heap_descriptor_intlibspace.o(.text)
    .text                                    0x08000378   Section        0  hguard.o(.text)
    .text                                    0x0800037c   Section        0  init_alloc.o(.text)
    .text                                    0x08000406   Section        0  h1_init.o(.text)
    .text                                    0x08000414   Section        8  libspace.o(.text)
    .text                                    0x0800041c   Section        0  h1_extend.o(.text)
    .text                                    0x08000450   Section        0  defsig_rtmem_outer.o(.text)
    .text                                    0x0800045e   Section       74  sys_stackheap_outer.o(.text)
    .text                                    0x080004a8   Section        0  exit.o(.text)
    .text                                    0x080004b4   Section        0  defsig_exit.o(.text)
    .text                                    0x080004c0   Section        0  defsig_rtmem_inner.o(.text)
    .text                                    0x08000510   Section        0  defsig_general.o(.text)
    i.BEEP_Init                              0x08000544   Section        0  beep.o(i.BEEP_Init)
    i.BusFault_Handler                       0x0800057c   Section        0  stm32f10x_it.o(i.BusFault_Handler)
    i.DMA_DeInit                             0x08000580   Section        0  stm32f10x_dma.o(i.DMA_DeInit)
    i.DMA_Init                               0x080006cc   Section        0  stm32f10x_dma.o(i.DMA_Init)
    i.DebugMon_Handler                       0x08000708   Section        0  stm32f10x_it.o(i.DebugMon_Handler)
    i.GPIO_Init                              0x0800070a   Section        0  stm32f10x_gpio.o(i.GPIO_Init)
    i.GPIO_ReadInputDataBit                  0x08000820   Section        0  stm32f10x_gpio.o(i.GPIO_ReadInputDataBit)
    i.GPIO_ResetBits                         0x08000832   Section        0  stm32f10x_gpio.o(i.GPIO_ResetBits)
    i.GPIO_SetBits                           0x08000836   Section        0  stm32f10x_gpio.o(i.GPIO_SetBits)
    i.Game_State_Init                        0x0800083c   Section        0  game_flow.o(i.Game_State_Init)
    i.HardFault_Handler                      0x08000854   Section        0  stm32f10x_it.o(i.HardFault_Handler)
    i.KEY01_Scan                             0x08000858   Section        0  key.o(i.KEY01_Scan)
    i.KEY_Init                               0x080009f4   Section        0  key.o(i.KEY_Init)
    i.LED_Init                               0x08000a94   Section        0  led.o(i.LED_Init)
    i.Map_data_Init                          0x08000ac8   Section        0  oled.o(i.Map_data_Init)
    i.MemManage_Handler                      0x08000aec   Section        0  stm32f10x_it.o(i.MemManage_Handler)
    i.NMI_Handler                            0x08000af0   Section        0  stm32f10x_it.o(i.NMI_Handler)
    i.OLED_CLS                               0x08000af2   Section        0  oled.o(i.OLED_CLS)
    i.OLED_DawaLine                          0x08000b36   Section        0  oled.o(i.OLED_DawaLine)
    i.OLED_DrawBMP                           0x08000b74   Section        0  oled.o(i.OLED_DrawBMP)
    i.OLED_DrawPoint                         0x08000be8   Section        0  oled.o(i.OLED_DrawPoint)
    i.OLED_DrawSquare                        0x08000cec   Section        0  oled.o(i.OLED_DrawSquare)
    i.OLED_DrawTrap1                         0x08000d44   Section        0  gamemap.o(i.OLED_DrawTrap1)
    i.OLED_DrawTrap2                         0x08000d60   Section        0  gamemap.o(i.OLED_DrawTrap2)
    i.OLED_DrawTrap3                         0x08000d7c   Section        0  gamemap.o(i.OLED_DrawTrap3)
    i.OLED_EraseTrap1                        0x08000d98   Section        0  gamemap.o(i.OLED_EraseTrap1)
    i.OLED_EraseTrap2                        0x08000db2   Section        0  gamemap.o(i.OLED_EraseTrap2)
    i.OLED_EraseTrap3                        0x08000dcc   Section        0  gamemap.o(i.OLED_EraseTrap3)
    i.OLED_Fill                              0x08000de6   Section        0  oled.o(i.OLED_Fill)
    i.OLED_Init                              0x08000e20   Section        0  oled.o(i.OLED_Init)
    i.OLED_P14x16Str                         0x08000f2c   Section        0  oled.o(i.OLED_P14x16Str)
    i.OLED_P6x8Num                           0x08001030   Section        0  oled.o(i.OLED_P6x8Num)
    i.OLED_P6x8Str                           0x080011e8   Section        0  oled.o(i.OLED_P6x8Str)
    i.OLED_P8x16Str                          0x0800124c   Section        0  oled.o(i.OLED_P8x16Str)
    i.OLED_Refresh_Gram                      0x080012d8   Section        0  oled.o(i.OLED_Refresh_Gram)
    i.OLED_Set_Pos                           0x0800131c   Section        0  oled.o(i.OLED_Set_Pos)
    i.OLED_WrCmd                             0x08001344   Section        0  oled.o(i.OLED_WrCmd)
    i.OLED_WrDat                             0x08001398   Section        0  oled.o(i.OLED_WrDat)
    i.PendSV_Handler                         0x080013ec   Section        0  stm32f10x_it.o(i.PendSV_Handler)
    i.RCC_AHBPeriphClockCmd                  0x080013f0   Section        0  stm32f10x_rcc.o(i.RCC_AHBPeriphClockCmd)
    i.RCC_APB2PeriphClockCmd                 0x08001410   Section        0  stm32f10x_rcc.o(i.RCC_APB2PeriphClockCmd)
    i.SVC_Handler                            0x08001430   Section        0  stm32f10x_it.o(i.SVC_Handler)
    i.SetSysClock                            0x08001432   Section        0  system_stm32f10x.o(i.SetSysClock)
    SetSysClock                              0x08001433   Thumb Code     8  system_stm32f10x.o(i.SetSysClock)
    i.SetSysClockTo72                        0x0800143c   Section        0  system_stm32f10x.o(i.SetSysClockTo72)
    SetSysClockTo72                          0x0800143d   Thumb Code   214  system_stm32f10x.o(i.SetSysClockTo72)
    i.Set_Start_Point                        0x0800151c   Section        0  gamemove.o(i.Set_Start_Point)
    i.Show_GameFrame                         0x08001530   Section        0  gamemap.o(i.Show_GameFrame)
    i.SysTick_CLKSourceConfig                0x0800170e   Section        0  misc.o(i.SysTick_CLKSourceConfig)
    i.SysTick_Handler                        0x08001736   Section        0  stm32f10x_it.o(i.SysTick_Handler)
    i.SystemInit                             0x08001738   Section        0  system_stm32f10x.o(i.SystemInit)
    i.TIM_DMACmd                             0x08001798   Section        0  stm32f10x_tim.o(i.TIM_DMACmd)
    i.TIM_OC1Init                            0x080017ac   Section        0  stm32f10x_tim.o(i.TIM_OC1Init)
    i.TIM_TimeBaseInit                       0x08001844   Section        0  stm32f10x_tim.o(i.TIM_TimeBaseInit)
    i.Timer1_init                            0x080018e8   Section        0  ws2812b.o(i.Timer1_init)
    i.USART1_IRQHandler                      0x080019b8   Section        0  usart.o(i.USART1_IRQHandler)
    i.USART_GetITStatus                      0x08001a40   Section        0  stm32f10x_usart.o(i.USART_GetITStatus)
    i.USART_ReceiveData                      0x08001a94   Section        0  stm32f10x_usart.o(i.USART_ReceiveData)
    i.UsageFault_Handler                     0x08001a9e   Section        0  stm32f10x_it.o(i.UsageFault_Handler)
    i._sys_exit                              0x08001aa2   Section        0  usart.o(i._sys_exit)
    i._ttywrch                               0x08001aa6   Section        0  gui_widget_progbar.o(i._ttywrch)
    i.check_State                            0x08001aac   Section        0  gamemove.o(i.check_State)
    i.confirm                                0x08001b68   Section        0  gamemap.o(i.confirm)
    i.delay_init                             0x08001b88   Section        0  delay.o(i.delay_init)
    i.delay_ms                               0x08001bcc   Section        0  delay.o(i.delay_ms)
    i.gui_draw_hline                         0x08001c18   Section        0  gui_2d_lib.o(i.gui_draw_hline)
    i.gui_draw_rect                          0x08001c3e   Section        0  gui_2d_lib.o(i.gui_draw_rect)
    i.gui_draw_vline                         0x08001c76   Section        0  gui_2d_lib.o(i.gui_draw_vline)
    i.gui_fill_rect                          0x08001c9c   Section        0  gui_2d_lib.o(i.gui_fill_rect)
    i.gui_interface_draw_pixel               0x08001cd6   Section        0  gui_interface.o(i.gui_interface_draw_pixel)
    i.gui_widget_progbar_create              0x08001cf6   Section        0  gui_widget_progbar.o(i.gui_widget_progbar_create)
    i.gui_widget_progbar_set_value           0x08001d20   Section        0  gui_widget_progbar.o(i.gui_widget_progbar_set_value)
    i.inf_lcd_draw_pixel                     0x08001db4   Section        0  oled.o(i.inf_lcd_draw_pixel)
    i.main                                   0x08001e44   Section        0  main.o(i.main)
    i.move2                                  0x08001f2c   Section        0  gamemove.o(i.move2)
    i.move_coordinate_update                 0x08002144   Section        0  gamemove.o(i.move_coordinate_update)
    i.oled_set_pos                           0x08002160   Section        0  oled.o(i.oled_set_pos)
    i.show                                   0x08002190   Section        0  gui_widget_progbar.o(i.show)
    show                                     0x08002191   Thumb Code    64  gui_widget_progbar.o(i.show)
    i.turtle_evil                            0x080021d4   Section        0  game_turtle.o(i.turtle_evil)
    .constdata                               0x08002718   Section     3940  oled.o(.constdata)
    .data                                    0x20000000   Section        8  main.o(.data)
    Widget_Image_Battery                     0x20000000   Data           4  main.o(.data)
    Widget_Progbar                           0x20000004   Data           4  main.o(.data)
    .data                                    0x20000008   Section       20  system_stm32f10x.o(.data)
    .data                                    0x2000001c   Section        4  delay.o(.data)
    fac_us                                   0x2000001c   Data           1  delay.o(.data)
    fac_ms                                   0x2000001e   Data           2  delay.o(.data)
    .data                                    0x20000020   Section        6  usart.o(.data)
    .data                                    0x20000028   Section       20  gamemove.o(.data)
    .data                                    0x2000003c   Section     2659  game_turtle.o(.data)
    .data                                    0x20000a9f   Section        1  gui_widget_progbar.o(.data)
    Percent                                  0x20000a9f   Data           1  gui_widget_progbar.o(.data)
    .bss                                     0x20000aa0   Section      640  ws2812b.o(.bss)
    .bss                                     0x20000d20   Section     9216  oled.o(.bss)
    .bss                                     0x20003120   Section      200  usart.o(.bss)
    .bss                                     0x200031e8   Section       96  libspace.o(.bss)
    HEAP                                     0x20003248   Section      512  startup_stm32f10x_hd.o(HEAP)
    Heap_Mem                                 0x20003248   Data         512  startup_stm32f10x_hd.o(HEAP)
    STACK                                    0x20003448   Section     1024  startup_stm32f10x_hd.o(STACK)
    Stack_Mem                                0x20003448   Data        1024  startup_stm32f10x_hd.o(STACK)
    __initial_sp                             0x20003848   Data           0  startup_stm32f10x_hd.o(STACK)

    Global Symbols

    Symbol Name                              Value     Ov Type        Size  Object(Section)

    BuildAttributes$$THM_ISAv4$P$D$K$B$S$PE$A:L22UL41UL21$X:L11$S22US41US21$IEEE1$IW$USESV6$~STKCKD$USESV7$~SHL$OTIME$ROPI$EBA8$UX$STANDARDLIB$REQ8$PRES8$EABIv2 0x00000000   Number         0  anon$$obj.o ABSOLUTE
    __ARM_use_no_argv                        0x00000000   Number         0  main.o ABSOLUTE
    __ARM_exceptions_init                     - Undefined Weak Reference
    __alloca_initialize                       - Undefined Weak Reference
    __arm_preinit_                            - Undefined Weak Reference
    __cpp_initialize__aeabi_                  - Undefined Weak Reference
    __cxa_finalize                            - Undefined Weak Reference
    __rt_locale                               - Undefined Weak Reference
    __sigvec_lookup                           - Undefined Weak Reference
    __user_heap_extent                        - Undefined Weak Reference
    _atexit_init                              - Undefined Weak Reference
    _call_atexit_fns                          - Undefined Weak Reference
    _clock_init                               - Undefined Weak Reference
    _fp_trap_init                             - Undefined Weak Reference
    _fp_trap_shutdown                         - Undefined Weak Reference
    _get_lc_collate                           - Undefined Weak Reference
    _get_lc_ctype                             - Undefined Weak Reference
    _get_lc_monetary                          - Undefined Weak Reference
    _get_lc_numeric                           - Undefined Weak Reference
    _get_lc_time                              - Undefined Weak Reference
    _getenv_init                              - Undefined Weak Reference
    _handle_redirection                       - Undefined Weak Reference
    _initio                                   - Undefined Weak Reference
    _mutex_acquire                            - Undefined Weak Reference
    _mutex_free                               - Undefined Weak Reference
    _mutex_release                            - Undefined Weak Reference
    _rand_init                                - Undefined Weak Reference
    _signal_finish                            - Undefined Weak Reference
    _signal_init                              - Undefined Weak Reference
    _terminateio                              - Undefined Weak Reference
    __Vectors_Size                           0x00000130   Number         0  startup_stm32f10x_hd.o ABSOLUTE
    __Vectors                                0x08000000   Data           4  startup_stm32f10x_hd.o(RESET)
    __Vectors_End                            0x08000130   Data           0  startup_stm32f10x_hd.o(RESET)
    __main                                   0x08000131   Thumb Code     8  __main.o(!!!main)
    __scatterload                            0x08000139   Thumb Code     0  __scatter.o(!!!scatter)
    __scatterload_rt2                        0x08000139   Thumb Code    44  __scatter.o(!!!scatter)
    __scatterload_rt2_thumb_only             0x08000139   Thumb Code     0  __scatter.o(!!!scatter)
    __scatterload_null                       0x08000147   Thumb Code     0  __scatter.o(!!!scatter)
    __decompress                             0x0800016d   Thumb Code    90  __dczerorl2.o(!!dczerorl2)
    __decompress1                            0x0800016d   Thumb Code     0  __dczerorl2.o(!!dczerorl2)
    __scatterload_zeroinit                   0x080001c9   Thumb Code    28  __scatter_zi.o(!!handler_zi)
    __rt_lib_init                            0x080001e5   Thumb Code     0  libinit.o(.ARM.Collect$$libinit$$00000000)
    __rt_lib_init_fp_1                       0x080001e7   Thumb Code     0  libinit2.o(.ARM.Collect$$libinit$$00000002)
    __rt_lib_init_heap_2                     0x080001e7   Thumb Code     0  libinit2.o(.ARM.Collect$$libinit$$00000005)
    __rt_lib_init_preinit_1                  0x080001e7   Thumb Code     0  libinit2.o(.ARM.Collect$$libinit$$00000004)
    __rt_lib_init_alloca_1                   0x080001ef   Thumb Code     0  libinit2.o(.ARM.Collect$$libinit$$0000002E)
    __rt_lib_init_argv_1                     0x080001ef   Thumb Code     0  libinit2.o(.ARM.Collect$$libinit$$0000002C)
    __rt_lib_init_atexit_1                   0x080001ef   Thumb Code     0  libinit2.o(.ARM.Collect$$libinit$$0000001B)
    __rt_lib_init_clock_1                    0x080001ef   Thumb Code     0  libinit2.o(.ARM.Collect$$libinit$$00000021)
    __rt_lib_init_cpp_1                      0x080001ef   Thumb Code     0  libinit2.o(.ARM.Collect$$libinit$$00000032)
    __rt_lib_init_exceptions_1               0x080001ef   Thumb Code     0  libinit2.o(.ARM.Collect$$libinit$$00000030)
    __rt_lib_init_fp_trap_1                  0x080001ef   Thumb Code     0  libinit2.o(.ARM.Collect$$libinit$$0000001F)
    __rt_lib_init_getenv_1                   0x080001ef   Thumb Code     0  libinit2.o(.ARM.Collect$$libinit$$00000023)
    __rt_lib_init_heap_1                     0x080001ef   Thumb Code     0  libinit2.o(.ARM.Collect$$libinit$$0000000A)
    __rt_lib_init_lc_collate_1               0x080001ef   Thumb Code     0  libinit2.o(.ARM.Collect$$libinit$$00000011)
    __rt_lib_init_lc_ctype_1                 0x080001ef   Thumb Code     0  libinit2.o(.ARM.Collect$$libinit$$00000013)
    __rt_lib_init_lc_monetary_1              0x080001ef   Thumb Code     0  libinit2.o(.ARM.Collect$$libinit$$00000015)
    __rt_lib_init_lc_numeric_1               0x080001ef   Thumb Code     0  libinit2.o(.ARM.Collect$$libinit$$00000017)
    __rt_lib_init_lc_time_1                  0x080001ef   Thumb Code     0  libinit2.o(.ARM.Collect$$libinit$$00000019)
    __rt_lib_init_rand_1                     0x080001ef   Thumb Code     0  libinit2.o(.ARM.Collect$$libinit$$0000000E)
    __rt_lib_init_return                     0x080001ef   Thumb Code     0  libinit2.o(.ARM.Collect$$libinit$$00000033)
    __rt_lib_init_signal_1                   0x080001ef   Thumb Code     0  libinit2.o(.ARM.Collect$$libinit$$0000001D)
    __rt_lib_init_stdio_1                    0x080001ef   Thumb Code     0  libinit2.o(.ARM.Collect$$libinit$$00000025)
    __rt_lib_init_user_alloc_1               0x080001ef   Thumb Code     0  libinit2.o(.ARM.Collect$$libinit$$0000000C)
    __rt_lib_shutdown                        0x080001f1   Thumb Code     0  libshutdown.o(.ARM.Collect$$libshutdown$$00000000)
    __rt_lib_shutdown_fp_trap_1              0x080001f3   Thumb Code     0  libshutdown2.o(.ARM.Collect$$libshutdown$$00000006)
    __rt_lib_shutdown_heap_1                 0x080001f3   Thumb Code     0  libshutdown2.o(.ARM.Collect$$libshutdown$$0000000E)
    __rt_lib_shutdown_return                 0x080001f3   Thumb Code     0  libshutdown2.o(.ARM.Collect$$libshutdown$$0000000F)
    __rt_lib_shutdown_signal_1               0x080001f3   Thumb Code     0  libshutdown2.o(.ARM.Collect$$libshutdown$$00000009)
    __rt_lib_shutdown_stdio_1                0x080001f3   Thumb Code     0  libshutdown2.o(.ARM.Collect$$libshutdown$$00000003)
    __rt_lib_shutdown_user_alloc_1           0x080001f3   Thumb Code     0  libshutdown2.o(.ARM.Collect$$libshutdown$$0000000B)
    __rt_entry                               0x080001f5   Thumb Code     0  __rtentry.o(.ARM.Collect$$rtentry$$00000000)
    __rt_entry_presh_1                       0x080001f5   Thumb Code     0  __rtentry2.o(.ARM.Collect$$rtentry$$00000002)
    __rt_entry_sh                            0x080001f5   Thumb Code     0  __rtentry4.o(.ARM.Collect$$rtentry$$00000004)
    __rt_entry_li                            0x080001fb   Thumb Code     0  __rtentry2.o(.ARM.Collect$$rtentry$$0000000A)
    __rt_entry_postsh_1                      0x080001fb   Thumb Code     0  __rtentry2.o(.ARM.Collect$$rtentry$$00000009)
    __rt_entry_main                          0x080001ff   Thumb Code     0  __rtentry2.o(.ARM.Collect$$rtentry$$0000000D)
    __rt_entry_postli_1                      0x080001ff   Thumb Code     0  __rtentry2.o(.ARM.Collect$$rtentry$$0000000C)
    __rt_exit                                0x08000207   Thumb Code     0  rtexit.o(.ARM.Collect$$rtexit$$00000000)
    __rt_exit_ls                             0x08000209   Thumb Code     0  rtexit2.o(.ARM.Collect$$rtexit$$00000003)
    __rt_exit_prels_1                        0x08000209   Thumb Code     0  rtexit2.o(.ARM.Collect$$rtexit$$00000002)
    __rt_exit_exit                           0x0800020d   Thumb Code     0  rtexit2.o(.ARM.Collect$$rtexit$$00000004)
    Reset_Handler                            0x08000215   Thumb Code     8  startup_stm32f10x_hd.o(.text)
    _maybe_terminate_alloc                   0x08000215   Thumb Code     0  maybetermalloc1.o(.emb_text)
    ADC1_2_IRQHandler                        0x0800022f   Thumb Code     0  startup_stm32f10x_hd.o(.text)
    ADC3_IRQHandler                          0x0800022f   Thumb Code     0  startup_stm32f10x_hd.o(.text)
    CAN1_RX1_IRQHandler                      0x0800022f   Thumb Code     0  startup_stm32f10x_hd.o(.text)
    CAN1_SCE_IRQHandler                      0x0800022f   Thumb Code     0  startup_stm32f10x_hd.o(.text)
    DMA1_Channel1_IRQHandler                 0x0800022f   Thumb Code     0  startup_stm32f10x_hd.o(.text)
    DMA1_Channel2_IRQHandler                 0x0800022f   Thumb Code     0  startup_stm32f10x_hd.o(.text)
    DMA1_Channel3_IRQHandler                 0x0800022f   Thumb Code     0  startup_stm32f10x_hd.o(.text)
    DMA1_Channel4_IRQHandler                 0x0800022f   Thumb Code     0  startup_stm32f10x_hd.o(.text)
    DMA1_Channel5_IRQHandler                 0x0800022f   Thumb Code     0  startup_stm32f10x_hd.o(.text)
    DMA1_Channel6_IRQHandler                 0x0800022f   Thumb Code     0  startup_stm32f10x_hd.o(.text)
    DMA1_Channel7_IRQHandler                 0x0800022f   Thumb Code     0  startup_stm32f10x_hd.o(.text)
    DMA2_Channel1_IRQHandler                 0x0800022f   Thumb Code     0  startup_stm32f10x_hd.o(.text)
    DMA2_Channel2_IRQHandler                 0x0800022f   Thumb Code     0  startup_stm32f10x_hd.o(.text)
    DMA2_Channel3_IRQHandler                 0x0800022f   Thumb Code     0  startup_stm32f10x_hd.o(.text)
    DMA2_Channel4_5_IRQHandler               0x0800022f   Thumb Code     0  startup_stm32f10x_hd.o(.text)
    EXTI0_IRQHandler                         0x0800022f   Thumb Code     0  startup_stm32f10x_hd.o(.text)
    EXTI15_10_IRQHandler                     0x0800022f   Thumb Code     0  startup_stm32f10x_hd.o(.text)
    EXTI1_IRQHandler                         0x0800022f   Thumb Code     0  startup_stm32f10x_hd.o(.text)
    EXTI2_IRQHandler                         0x0800022f   Thumb Code     0  startup_stm32f10x_hd.o(.text)
    EXTI3_IRQHandler                         0x0800022f   Thumb Code     0  startup_stm32f10x_hd.o(.text)
    EXTI4_IRQHandler                         0x0800022f   Thumb Code     0  startup_stm32f10x_hd.o(.text)
    EXTI9_5_IRQHandler                       0x0800022f   Thumb Code     0  startup_stm32f10x_hd.o(.text)
    FLASH_IRQHandler                         0x0800022f   Thumb Code     0  startup_stm32f10x_hd.o(.text)
    FSMC_IRQHandler                          0x0800022f   Thumb Code     0  startup_stm32f10x_hd.o(.text)
    I2C1_ER_IRQHandler                       0x0800022f   Thumb Code     0  startup_stm32f10x_hd.o(.text)
    I2C1_EV_IRQHandler                       0x0800022f   Thumb Code     0  startup_stm32f10x_hd.o(.text)
    I2C2_ER_IRQHandler                       0x0800022f   Thumb Code     0  startup_stm32f10x_hd.o(.text)
    I2C2_EV_IRQHandler                       0x0800022f   Thumb Code     0  startup_stm32f10x_hd.o(.text)
    PVD_IRQHandler                           0x0800022f   Thumb Code     0  startup_stm32f10x_hd.o(.text)
    RCC_IRQHandler                           0x0800022f   Thumb Code     0  startup_stm32f10x_hd.o(.text)
    RTCAlarm_IRQHandler                      0x0800022f   Thumb Code     0  startup_stm32f10x_hd.o(.text)
    RTC_IRQHandler                           0x0800022f   Thumb Code     0  startup_stm32f10x_hd.o(.text)
    SDIO_IRQHandler                          0x0800022f   Thumb Code     0  startup_stm32f10x_hd.o(.text)
    SPI1_IRQHandler                          0x0800022f   Thumb Code     0  startup_stm32f10x_hd.o(.text)
    SPI2_IRQHandler                          0x0800022f   Thumb Code     0  startup_stm32f10x_hd.o(.text)
    SPI3_IRQHandler                          0x0800022f   Thumb Code     0  startup_stm32f10x_hd.o(.text)
    TAMPER_IRQHandler                        0x0800022f   Thumb Code     0  startup_stm32f10x_hd.o(.text)
    TIM1_BRK_IRQHandler                      0x0800022f   Thumb Code     0  startup_stm32f10x_hd.o(.text)
    TIM1_CC_IRQHandler                       0x0800022f   Thumb Code     0  startup_stm32f10x_hd.o(.text)
    TIM1_TRG_COM_IRQHandler                  0x0800022f   Thumb Code     0  startup_stm32f10x_hd.o(.text)
    TIM1_UP_IRQHandler                       0x0800022f   Thumb Code     0  startup_stm32f10x_hd.o(.text)
    TIM2_IRQHandler                          0x0800022f   Thumb Code     0  startup_stm32f10x_hd.o(.text)
    TIM3_IRQHandler                          0x0800022f   Thumb Code     0  startup_stm32f10x_hd.o(.text)
    TIM4_IRQHandler                          0x0800022f   Thumb Code     0  startup_stm32f10x_hd.o(.text)
    TIM5_IRQHandler                          0x0800022f   Thumb Code     0  startup_stm32f10x_hd.o(.text)
    TIM6_IRQHandler                          0x0800022f   Thumb Code     0  startup_stm32f10x_hd.o(.text)
    TIM7_IRQHandler                          0x0800022f   Thumb Code     0  startup_stm32f10x_hd.o(.text)
    TIM8_BRK_IRQHandler                      0x0800022f   Thumb Code     0  startup_stm32f10x_hd.o(.text)
    TIM8_CC_IRQHandler                       0x0800022f   Thumb Code     0  startup_stm32f10x_hd.o(.text)
    TIM8_TRG_COM_IRQHandler                  0x0800022f   Thumb Code     0  startup_stm32f10x_hd.o(.text)
    TIM8_UP_IRQHandler                       0x0800022f   Thumb Code     0  startup_stm32f10x_hd.o(.text)
    UART4_IRQHandler                         0x0800022f   Thumb Code     0  startup_stm32f10x_hd.o(.text)
    UART5_IRQHandler                         0x0800022f   Thumb Code     0  startup_stm32f10x_hd.o(.text)
    USART2_IRQHandler                        0x0800022f   Thumb Code     0  startup_stm32f10x_hd.o(.text)
    USART3_IRQHandler                        0x0800022f   Thumb Code     0  startup_stm32f10x_hd.o(.text)
    USBWakeUp_IRQHandler                     0x0800022f   Thumb Code     0  startup_stm32f10x_hd.o(.text)
    USB_HP_CAN1_TX_IRQHandler                0x0800022f   Thumb Code     0  startup_stm32f10x_hd.o(.text)
    USB_LP_CAN1_RX0_IRQHandler               0x0800022f   Thumb Code     0  startup_stm32f10x_hd.o(.text)
    WWDG_IRQHandler                          0x0800022f   Thumb Code     0  startup_stm32f10x_hd.o(.text)
    __user_initial_stackheap                 0x08000231   Thumb Code     0  startup_stm32f10x_hd.o(.text)
    __use_no_semihosting                     0x08000255   Thumb Code     2  use_no_semi_2.o(.text)
    malloc                                   0x08000257   Thumb Code    94  h1_alloc.o(.text)
    free                                     0x080002b5   Thumb Code    78  h1_free.o(.text)
    __aeabi_memcpy4                          0x08000303   Thumb Code     0  rt_memcpy_w.o(.text)
    __aeabi_memcpy8                          0x08000303   Thumb Code     0  rt_memcpy_w.o(.text)
    __rt_memcpy_w                            0x08000303   Thumb Code   100  rt_memcpy_w.o(.text)
    _memcpy_lastbytes_aligned                0x0800034b   Thumb Code     0  rt_memcpy_w.o(.text)
    __use_two_region_memory                  0x08000367   Thumb Code     2  heapauxi.o(.text)
    __rt_heap_escrow                         0x08000369   Thumb Code     2  heapauxi.o(.text)
    __rt_heap_expand                         0x0800036b   Thumb Code     2  heapauxi.o(.text)
    __I$use$semihosting                      0x0800036d   Thumb Code     0  use_no_semi.o(.text)
    __use_no_semihosting_swi                 0x0800036d   Thumb Code     2  use_no_semi.o(.text)
    __rt_heap_descriptor                     0x08000371   Thumb Code     8  rt_heap_descriptor_intlibspace.o(.text)
    __use_no_heap                            0x08000379   Thumb Code     2  hguard.o(.text)
    __heap$guard                             0x0800037b   Thumb Code     2  hguard.o(.text)
    _terminate_user_alloc                    0x0800037d   Thumb Code     2  init_alloc.o(.text)
    _init_user_alloc                         0x0800037f   Thumb Code     2  init_alloc.o(.text)
    __Heap_Full                              0x08000381   Thumb Code    34  init_alloc.o(.text)
    __Heap_Broken                            0x080003a3   Thumb Code     6  init_alloc.o(.text)
    _init_alloc                              0x080003a9   Thumb Code    94  init_alloc.o(.text)
    __Heap_Initialize                        0x08000407   Thumb Code    10  h1_init.o(.text)
    __Heap_DescSize                          0x08000411   Thumb Code     4  h1_init.o(.text)
    __user_libspace                          0x08000415   Thumb Code     8  libspace.o(.text)
    __user_perproc_libspace                  0x08000415   Thumb Code     0  libspace.o(.text)
    __user_perthread_libspace                0x08000415   Thumb Code     0  libspace.o(.text)
    __Heap_ProvideMemory                     0x0800041d   Thumb Code    52  h1_extend.o(.text)
    __rt_SIGRTMEM                            0x08000451   Thumb Code    14  defsig_rtmem_outer.o(.text)
    __user_setup_stackheap                   0x0800045f   Thumb Code    74  sys_stackheap_outer.o(.text)
    exit                                     0x080004a9   Thumb Code    12  exit.o(.text)
    __sig_exit                               0x080004b5   Thumb Code    10  defsig_exit.o(.text)
    __rt_SIGRTMEM_inner                      0x080004c1   Thumb Code    22  defsig_rtmem_inner.o(.text)
    __default_signal_display                 0x08000511   Thumb Code    50  defsig_general.o(.text)
    BEEP_Init                                0x08000545   Thumb Code    50  beep.o(i.BEEP_Init)
    BusFault_Handler                         0x0800057d   Thumb Code     4  stm32f10x_it.o(i.BusFault_Handler)
    DMA_DeInit                               0x08000581   Thumb Code   324  stm32f10x_dma.o(i.DMA_DeInit)
    DMA_Init                                 0x080006cd   Thumb Code    60  stm32f10x_dma.o(i.DMA_Init)
    DebugMon_Handler                         0x08000709   Thumb Code     2  stm32f10x_it.o(i.DebugMon_Handler)
    GPIO_Init                                0x0800070b   Thumb Code   278  stm32f10x_gpio.o(i.GPIO_Init)
    GPIO_ReadInputDataBit                    0x08000821   Thumb Code    18  stm32f10x_gpio.o(i.GPIO_ReadInputDataBit)
    GPIO_ResetBits                           0x08000833   Thumb Code     4  stm32f10x_gpio.o(i.GPIO_ResetBits)
    GPIO_SetBits                             0x08000837   Thumb Code     4  stm32f10x_gpio.o(i.GPIO_SetBits)
    Game_State_Init                          0x0800083d   Thumb Code    16  game_flow.o(i.Game_State_Init)
    HardFault_Handler                        0x08000855   Thumb Code     4  stm32f10x_it.o(i.HardFault_Handler)
    KEY01_Scan                               0x08000859   Thumb Code   398  key.o(i.KEY01_Scan)
    KEY_Init                                 0x080009f5   Thumb Code   152  key.o(i.KEY_Init)
    LED_Init                                 0x08000a95   Thumb Code    46  led.o(i.LED_Init)
    Map_data_Init                            0x08000ac9   Thumb Code    32  oled.o(i.Map_data_Init)
    MemManage_Handler                        0x08000aed   Thumb Code     4  stm32f10x_it.o(i.MemManage_Handler)
    NMI_Handler                              0x08000af1   Thumb Code     2  stm32f10x_it.o(i.NMI_Handler)
    OLED_CLS                                 0x08000af3   Thumb Code    68  oled.o(i.OLED_CLS)
    OLED_DawaLine                            0x08000b37   Thumb Code    62  oled.o(i.OLED_DawaLine)
    OLED_DrawBMP                             0x08000b75   Thumb Code   116  oled.o(i.OLED_DrawBMP)
    OLED_DrawPoint                           0x08000be9   Thumb Code   252  oled.o(i.OLED_DrawPoint)
    OLED_DrawSquare                          0x08000ced   Thumb Code    88  oled.o(i.OLED_DrawSquare)
    OLED_DrawTrap1                           0x08000d45   Thumb Code    28  gamemap.o(i.OLED_DrawTrap1)
    OLED_DrawTrap2                           0x08000d61   Thumb Code    28  gamemap.o(i.OLED_DrawTrap2)
    OLED_DrawTrap3                           0x08000d7d   Thumb Code    28  gamemap.o(i.OLED_DrawTrap3)
    OLED_EraseTrap1                          0x08000d99   Thumb Code    26  gamemap.o(i.OLED_EraseTrap1)
    OLED_EraseTrap2                          0x08000db3   Thumb Code    26  gamemap.o(i.OLED_EraseTrap2)
    OLED_EraseTrap3                          0x08000dcd   Thumb Code    26  gamemap.o(i.OLED_EraseTrap3)
    OLED_Fill                                0x08000de7   Thumb Code    58  oled.o(i.OLED_Fill)
    OLED_Init                                0x08000e21   Thumb Code   264  oled.o(i.OLED_Init)
    OLED_P14x16Str                           0x08000f2d   Thumb Code   250  oled.o(i.OLED_P14x16Str)
    OLED_P6x8Num                             0x08001031   Thumb Code   438  oled.o(i.OLED_P6x8Num)
    OLED_P6x8Str                             0x080011e9   Thumb Code    96  oled.o(i.OLED_P6x8Str)
    OLED_P8x16Str                            0x0800124d   Thumb Code   134  oled.o(i.OLED_P8x16Str)
    OLED_Refresh_Gram                        0x080012d9   Thumb Code    62  oled.o(i.OLED_Refresh_Gram)
    OLED_Set_Pos                             0x0800131d   Thumb Code    40  oled.o(i.OLED_Set_Pos)
    OLED_WrCmd                               0x08001345   Thumb Code    80  oled.o(i.OLED_WrCmd)
    OLED_WrDat                               0x08001399   Thumb Code    80  oled.o(i.OLED_WrDat)
    PendSV_Handler                           0x080013ed   Thumb Code     2  stm32f10x_it.o(i.PendSV_Handler)
    RCC_AHBPeriphClockCmd                    0x080013f1   Thumb Code    26  stm32f10x_rcc.o(i.RCC_AHBPeriphClockCmd)
    RCC_APB2PeriphClockCmd                   0x08001411   Thumb Code    26  stm32f10x_rcc.o(i.RCC_APB2PeriphClockCmd)
    SVC_Handler                              0x08001431   Thumb Code     2  stm32f10x_it.o(i.SVC_Handler)
    Set_Start_Point                          0x0800151d   Thumb Code    10  gamemove.o(i.Set_Start_Point)
    Show_GameFrame                           0x08001531   Thumb Code   478  gamemap.o(i.Show_GameFrame)
    SysTick_CLKSourceConfig                  0x0800170f   Thumb Code    40  misc.o(i.SysTick_CLKSourceConfig)
    SysTick_Handler                          0x08001737   Thumb Code     2  stm32f10x_it.o(i.SysTick_Handler)
    SystemInit                               0x08001739   Thumb Code    78  system_stm32f10x.o(i.SystemInit)
    TIM_DMACmd                               0x08001799   Thumb Code    18  stm32f10x_tim.o(i.TIM_DMACmd)
    TIM_OC1Init                              0x080017ad   Thumb Code   132  stm32f10x_tim.o(i.TIM_OC1Init)
    TIM_TimeBaseInit                         0x08001845   Thumb Code   122  stm32f10x_tim.o(i.TIM_TimeBaseInit)
    Timer1_init                              0x080018e9   Thumb Code   190  ws2812b.o(i.Timer1_init)
    USART1_IRQHandler                        0x080019b9   Thumb Code   122  usart.o(i.USART1_IRQHandler)
    USART_GetITStatus                        0x08001a41   Thumb Code    84  stm32f10x_usart.o(i.USART_GetITStatus)
    USART_ReceiveData                        0x08001a95   Thumb Code    10  stm32f10x_usart.o(i.USART_ReceiveData)
    UsageFault_Handler                       0x08001a9f   Thumb Code     4  stm32f10x_it.o(i.UsageFault_Handler)
    _sys_exit                                0x08001aa3   Thumb Code     4  usart.o(i._sys_exit)
    _ttywrch                                 0x08001aa7   Thumb Code     6  gui_widget_progbar.o(i._ttywrch)
    check_State                              0x08001aad   Thumb Code   170  gamemove.o(i.check_State)
    confirm                                  0x08001b69   Thumb Code    28  gamemap.o(i.confirm)
    delay_init                               0x08001b89   Thumb Code    50  delay.o(i.delay_init)
    delay_ms                                 0x08001bcd   Thumb Code    72  delay.o(i.delay_ms)
    gui_draw_hline                           0x08001c19   Thumb Code    38  gui_2d_lib.o(i.gui_draw_hline)
    gui_draw_rect                            0x08001c3f   Thumb Code    56  gui_2d_lib.o(i.gui_draw_rect)
    gui_draw_vline                           0x08001c77   Thumb Code    38  gui_2d_lib.o(i.gui_draw_vline)
    gui_fill_rect                            0x08001c9d   Thumb Code    58  gui_2d_lib.o(i.gui_fill_rect)
    gui_interface_draw_pixel                 0x08001cd7   Thumb Code    32  gui_interface.o(i.gui_interface_draw_pixel)
    gui_widget_progbar_create                0x08001cf7   Thumb Code    42  gui_widget_progbar.o(i.gui_widget_progbar_create)
    gui_widget_progbar_set_value             0x08001d21   Thumb Code   142  gui_widget_progbar.o(i.gui_widget_progbar_set_value)
    inf_lcd_draw_pixel                       0x08001db5   Thumb Code   140  oled.o(i.inf_lcd_draw_pixel)
    main                                     0x08001e45   Thumb Code   164  main.o(i.main)
    move2                                    0x08001f2d   Thumb Code   512  gamemove.o(i.move2)
    move_coordinate_update                   0x08002145   Thumb Code    16  gamemove.o(i.move_coordinate_update)
    oled_set_pos                             0x08002161   Thumb Code    46  oled.o(i.oled_set_pos)
    turtle_evil                              0x080021d5   Thumb Code  1034  game_turtle.o(i.turtle_evil)
    F6x8                                     0x08002718   Data         552  oled.o(.constdata)
    F16x16_Idx                               0x08002940   Data          19  oled.o(.constdata)
    F16x16                                   0x08002953   Data         288  oled.o(.constdata)
    F14x16_Idx                               0x08002a73   Data         105  oled.o(.constdata)
    F14x16                                   0x08002adc   Data        1456  oled.o(.constdata)
    F8X16                                    0x0800308c   Data        1520  oled.o(.constdata)
    Region$$Table$$Base                      0x0800367c   Number         0  anon$$obj.o(Region$$Table)
    Region$$Table$$Limit                     0x0800369c   Number         0  anon$$obj.o(Region$$Table)
    SystemCoreClock                          0x20000008   Data           4  system_stm32f10x.o(.data)
    AHBPrescTable                            0x2000000c   Data          16  system_stm32f10x.o(.data)
    __stdout                                 0x20000020   Data           4  usart.o(.data)
    USART_RX_STA                             0x20000024   Data           2  usart.o(.data)
    Gamemove                                 0x20000028   Data           4  gamemove.o(.data)
    x1                                       0x2000002c   Data           4  gamemove.o(.data)
    x2                                       0x20000030   Data           4  gamemove.o(.data)
    y1                                       0x20000034   Data           4  gamemove.o(.data)
    y2                                       0x20000038   Data           4  gamemove.o(.data)
    BMP1                                     0x2000003c   Data        1024  game_turtle.o(.data)
    BMP2                                     0x2000043c   Data        1024  game_turtle.o(.data)
    BMP3                                     0x2000083c   Data          32  game_turtle.o(.data)
    BMP4                                     0x2000085c   Data          32  game_turtle.o(.data)
    BMP5                                     0x2000087c   Data         512  game_turtle.o(.data)
    BMP6                                     0x20000a7c   Data          32  game_turtle.o(.data)
    Game_state                               0x20000a9c   Data           3  game_turtle.o(.data)
    LED_BYTE_Buffer                          0x20000aa0   Data         600  ws2812b.o(.bss)
    ten_color_table                          0x20000cf8   Data          10  ws2812b.o(.bss)
    ten_color                                0x20000d02   Data          30  ws2812b.o(.bss)
    OLED_GRAM                                0x20000d20   Data        1024  oled.o(.bss)
    OLED_GRAM_Map                            0x20001120   Data        8192  oled.o(.bss)
    USART_RX_BUF                             0x20003120   Data         200  usart.o(.bss)
    __libspace_start                         0x200031e8   Data          96  libspace.o(.bss)
    __temporary_stack_top$libspace           0x20003248   Data           0  libspace.o(.bss)



==============================================================================

Memory Map of the image

  Image Entry point : 0x08000215

  Load Region LR_1 (Base: 0x08000000, Size: 0x0000413c, Max: 0xffffffff, ABSOLUTE, COMPRESSED[0x00003988])

    Execution Region ER_RO (Base: 0x08000000, Size: 0x0000369c, Max: 0xffffffff, ABSOLUTE)

    Base Addr    Size         Type   Attr      Idx    E Section Name        Object

    0x08000000   0x00000130   Data   RO          678    RESET               startup_stm32f10x_hd.o
    0x08000130   0x00000008   Code   RO         2417  * !!!main             c_w.l(__main.o)
    0x08000138   0x00000034   Code   RO         2650    !!!scatter          c_w.l(__scatter.o)
    0x0800016c   0x0000005a   Code   RO         2648    !!dczerorl2         c_w.l(__dczerorl2.o)
    0x080001c6   0x00000002   PAD
    0x080001c8   0x0000001c   Code   RO         2652    !!handler_zi        c_w.l(__scatter_zi.o)
    0x080001e4   0x00000002   Code   RO         2592    .ARM.Collect$$libinit$$00000000  c_w.l(libinit.o)
    0x080001e6   0x00000000   Code   RO         2480    .ARM.Collect$$libinit$$00000002  c_w.l(libinit2.o)
    0x080001e6   0x00000000   Code   RO         2482    .ARM.Collect$$libinit$$00000004  c_w.l(libinit2.o)
    0x080001e6   0x00000008   Code   RO         2483    .ARM.Collect$$libinit$$00000005  c_w.l(libinit2.o)
    0x080001ee   0x00000000   Code   RO         2485    .ARM.Collect$$libinit$$0000000A  c_w.l(libinit2.o)
    0x080001ee   0x00000000   Code   RO         2487    .ARM.Collect$$libinit$$0000000C  c_w.l(libinit2.o)
    0x080001ee   0x00000000   Code   RO         2489    .ARM.Collect$$libinit$$0000000E  c_w.l(libinit2.o)
    0x080001ee   0x00000000   Code   RO         2492    .ARM.Collect$$libinit$$00000011  c_w.l(libinit2.o)
    0x080001ee   0x00000000   Code   RO         2494    .ARM.Collect$$libinit$$00000013  c_w.l(libinit2.o)
    0x080001ee   0x00000000   Code   RO         2496    .ARM.Collect$$libinit$$00000015  c_w.l(libinit2.o)
    0x080001ee   0x00000000   Code   RO         2498    .ARM.Collect$$libinit$$00000017  c_w.l(libinit2.o)
    0x080001ee   0x00000000   Code   RO         2500    .ARM.Collect$$libinit$$00000019  c_w.l(libinit2.o)
    0x080001ee   0x00000000   Code   RO         2502    .ARM.Collect$$libinit$$0000001B  c_w.l(libinit2.o)
    0x080001ee   0x00000000   Code   RO         2504    .ARM.Collect$$libinit$$0000001D  c_w.l(libinit2.o)
    0x080001ee   0x00000000   Code   RO         2506    .ARM.Collect$$libinit$$0000001F  c_w.l(libinit2.o)
    0x080001ee   0x00000000   Code   RO         2508    .ARM.Collect$$libinit$$00000021  c_w.l(libinit2.o)
    0x080001ee   0x00000000   Code   RO         2510    .ARM.Collect$$libinit$$00000023  c_w.l(libinit2.o)
    0x080001ee   0x00000000   Code   RO         2512    .ARM.Collect$$libinit$$00000025  c_w.l(libinit2.o)
    0x080001ee   0x00000000   Code   RO         2516    .ARM.Collect$$libinit$$0000002C  c_w.l(libinit2.o)
    0x080001ee   0x00000000   Code   RO         2518    .ARM.Collect$$libinit$$0000002E  c_w.l(libinit2.o)
    0x080001ee   0x00000000   Code   RO         2520    .ARM.Collect$$libinit$$00000030  c_w.l(libinit2.o)
    0x080001ee   0x00000000   Code   RO         2522    .ARM.Collect$$libinit$$00000032  c_w.l(libinit2.o)
    0x080001ee   0x00000002   Code   RO         2523    .ARM.Collect$$libinit$$00000033  c_w.l(libinit2.o)
    0x080001f0   0x00000002   Code   RO         2645    .ARM.Collect$$libshutdown$$00000000  c_w.l(libshutdown.o)
    0x080001f2   0x00000000   Code   RO         2605    .ARM.Collect$$libshutdown$$00000003  c_w.l(libshutdown2.o)
    0x080001f2   0x00000000   Code   RO         2608    .ARM.Collect$$libshutdown$$00000006  c_w.l(libshutdown2.o)
    0x080001f2   0x00000000   Code   RO         2611    .ARM.Collect$$libshutdown$$00000009  c_w.l(libshutdown2.o)
    0x080001f2   0x00000000   Code   RO         2613    .ARM.Collect$$libshutdown$$0000000B  c_w.l(libshutdown2.o)
    0x080001f2   0x00000000   Code   RO         2616    .ARM.Collect$$libshutdown$$0000000E  c_w.l(libshutdown2.o)
    0x080001f2   0x00000002   Code   RO         2617    .ARM.Collect$$libshutdown$$0000000F  c_w.l(libshutdown2.o)
    0x080001f4   0x00000000   Code   RO         2451    .ARM.Collect$$rtentry$$00000000  c_w.l(__rtentry.o)
    0x080001f4   0x00000000   Code   RO         2537    .ARM.Collect$$rtentry$$00000002  c_w.l(__rtentry2.o)
    0x080001f4   0x00000006   Code   RO         2549    .ARM.Collect$$rtentry$$00000004  c_w.l(__rtentry4.o)
    0x080001fa   0x00000000   Code   RO         2539    .ARM.Collect$$rtentry$$00000009  c_w.l(__rtentry2.o)
    0x080001fa   0x00000004   Code   RO         2540    .ARM.Collect$$rtentry$$0000000A  c_w.l(__rtentry2.o)
    0x080001fe   0x00000000   Code   RO         2542    .ARM.Collect$$rtentry$$0000000C  c_w.l(__rtentry2.o)
    0x080001fe   0x00000008   Code   RO         2543    .ARM.Collect$$rtentry$$0000000D  c_w.l(__rtentry2.o)
    0x08000206   0x00000002   Code   RO         2593    .ARM.Collect$$rtexit$$00000000  c_w.l(rtexit.o)
    0x08000208   0x00000000   Code   RO         2619    .ARM.Collect$$rtexit$$00000002  c_w.l(rtexit2.o)
    0x08000208   0x00000004   Code   RO         2620    .ARM.Collect$$rtexit$$00000003  c_w.l(rtexit2.o)
    0x0800020c   0x00000006   Code   RO         2621    .ARM.Collect$$rtexit$$00000004  c_w.l(rtexit2.o)
    0x08000212   0x00000002   PAD
    0x08000214   0x00000000   Code   RO         2553    .emb_text           c_w.l(maybetermalloc1.o)
    0x08000214   0x00000040   Code   RO          679  * .text               startup_stm32f10x_hd.o
    0x08000254   0x00000002   Code   RO         2343    .text               c_w.l(use_no_semi_2.o)
    0x08000256   0x0000005e   Code   RO         2349    .text               c_w.l(h1_alloc.o)
    0x080002b4   0x0000004e   Code   RO         2351    .text               c_w.l(h1_free.o)
    0x08000302   0x00000064   Code   RO         2413    .text               c_w.l(rt_memcpy_w.o)
    0x08000366   0x00000006   Code   RO         2415    .text               c_w.l(heapauxi.o)
    0x0800036c   0x00000002   Code   RO         2447    .text               c_w.l(use_no_semi.o)
    0x0800036e   0x00000002   PAD
    0x08000370   0x00000008   Code   RO         2455    .text               c_w.l(rt_heap_descriptor_intlibspace.o)
    0x08000378   0x00000004   Code   RO         2457    .text               c_w.l(hguard.o)
    0x0800037c   0x0000008a   Code   RO         2459    .text               c_w.l(init_alloc.o)
    0x08000406   0x0000000e   Code   RO         2463    .text               c_w.l(h1_init.o)
    0x08000414   0x00000008   Code   RO         2533    .text               c_w.l(libspace.o)
    0x0800041c   0x00000034   Code   RO         2555    .text               c_w.l(h1_extend.o)
    0x08000450   0x0000000e   Code   RO         2559    .text               c_w.l(defsig_rtmem_outer.o)
    0x0800045e   0x0000004a   Code   RO         2571    .text               c_w.l(sys_stackheap_outer.o)
    0x080004a8   0x0000000c   Code   RO         2577    .text               c_w.l(exit.o)
    0x080004b4   0x0000000a   Code   RO         2579    .text               c_w.l(defsig_exit.o)
    0x080004be   0x00000002   PAD
    0x080004c0   0x00000050   Code   RO         2581    .text               c_w.l(defsig_rtmem_inner.o)
    0x08000510   0x00000032   Code   RO         2601    .text               c_w.l(defsig_general.o)
    0x08000542   0x00000002   PAD
    0x08000544   0x00000038   Code   RO          558    i.BEEP_Init         beep.o
    0x0800057c   0x00000004   Code   RO          173    i.BusFault_Handler  stm32f10x_it.o
    0x08000580   0x0000014c   Code   RO         1240    i.DMA_DeInit        stm32f10x_dma.o
    0x080006cc   0x0000003c   Code   RO         1245    i.DMA_Init          stm32f10x_dma.o
    0x08000708   0x00000002   Code   RO          174    i.DebugMon_Handler  stm32f10x_it.o
    0x0800070a   0x00000116   Code   RO          725    i.GPIO_Init         stm32f10x_gpio.o
    0x08000820   0x00000012   Code   RO          729    i.GPIO_ReadInputDataBit  stm32f10x_gpio.o
    0x08000832   0x00000004   Code   RO          732    i.GPIO_ResetBits    stm32f10x_gpio.o
    0x08000836   0x00000004   Code   RO          733    i.GPIO_SetBits      stm32f10x_gpio.o
    0x0800083a   0x00000002   PAD
    0x0800083c   0x00000018   Code   RO         1961    i.Game_State_Init   game_flow.o
    0x08000854   0x00000004   Code   RO          175    i.HardFault_Handler  stm32f10x_it.o
    0x08000858   0x0000019c   Code   RO          533    i.KEY01_Scan        key.o
    0x080009f4   0x000000a0   Code   RO          534    i.KEY_Init          key.o
    0x08000a94   0x00000034   Code   RO          296    i.LED_Init          led.o
    0x08000ac8   0x00000024   Code   RO          346    i.Map_data_Init     oled.o
    0x08000aec   0x00000004   Code   RO          176    i.MemManage_Handler  stm32f10x_it.o
    0x08000af0   0x00000002   Code   RO          177    i.NMI_Handler       stm32f10x_it.o
    0x08000af2   0x00000044   Code   RO          347    i.OLED_CLS          oled.o
    0x08000b36   0x0000003e   Code   RO          349    i.OLED_DawaLine     oled.o
    0x08000b74   0x00000074   Code   RO          350    i.OLED_DrawBMP      oled.o
    0x08000be8   0x00000104   Code   RO          351    i.OLED_DrawPoint    oled.o
    0x08000cec   0x00000058   Code   RO          352    i.OLED_DrawSquare   oled.o
    0x08000d44   0x0000001c   Code   RO         1857    i.OLED_DrawTrap1    gamemap.o
    0x08000d60   0x0000001c   Code   RO         1858    i.OLED_DrawTrap2    gamemap.o
    0x08000d7c   0x0000001c   Code   RO         1859    i.OLED_DrawTrap3    gamemap.o
    0x08000d98   0x0000001a   Code   RO         1860    i.OLED_EraseTrap1   gamemap.o
    0x08000db2   0x0000001a   Code   RO         1861    i.OLED_EraseTrap2   gamemap.o
    0x08000dcc   0x0000001a   Code   RO         1862    i.OLED_EraseTrap3   gamemap.o
    0x08000de6   0x0000003a   Code   RO          354    i.OLED_Fill         oled.o
    0x08000e20   0x0000010c   Code   RO          355    i.OLED_Init         oled.o
    0x08000f2c   0x00000104   Code   RO          358    i.OLED_P14x16Str    oled.o
    0x08001030   0x000001b6   Code   RO          361    i.OLED_P6x8Num      oled.o
    0x080011e6   0x00000002   PAD
    0x080011e8   0x00000064   Code   RO          362    i.OLED_P6x8Str      oled.o
    0x0800124c   0x0000008c   Code   RO          365    i.OLED_P8x16Str     oled.o
    0x080012d8   0x00000044   Code   RO          368    i.OLED_Refresh_Gram  oled.o
    0x0800131c   0x00000028   Code   RO          369    i.OLED_Set_Pos      oled.o
    0x08001344   0x00000054   Code   RO          370    i.OLED_WrCmd        oled.o
    0x08001398   0x00000054   Code   RO          371    i.OLED_WrDat        oled.o
    0x080013ec   0x00000002   Code   RO          178    i.PendSV_Handler    stm32f10x_it.o
    0x080013ee   0x00000002   PAD
    0x080013f0   0x00000020   Code   RO          858    i.RCC_AHBPeriphClockCmd  stm32f10x_rcc.o
    0x08001410   0x00000020   Code   RO          861    i.RCC_APB2PeriphClockCmd  stm32f10x_rcc.o
    0x08001430   0x00000002   Code   RO          179    i.SVC_Handler       stm32f10x_it.o
    0x08001432   0x00000008   Code   RO          262    i.SetSysClock       system_stm32f10x.o
    0x0800143a   0x00000002   PAD
    0x0800143c   0x000000e0   Code   RO          263    i.SetSysClockTo72   system_stm32f10x.o
    0x0800151c   0x00000014   Code   RO         1927    i.Set_Start_Point   gamemove.o
    0x08001530   0x000001de   Code   RO         1863    i.Show_GameFrame    gamemap.o
    0x0800170e   0x00000028   Code   RO          687    i.SysTick_CLKSourceConfig  misc.o
    0x08001736   0x00000002   Code   RO          180    i.SysTick_Handler   stm32f10x_it.o
    0x08001738   0x00000060   Code   RO          265    i.SystemInit        system_stm32f10x.o
    0x08001798   0x00000012   Code   RO         1328    i.TIM_DMACmd        stm32f10x_tim.o
    0x080017aa   0x00000002   PAD
    0x080017ac   0x00000098   Code   RO         1354    i.TIM_OC1Init       stm32f10x_tim.o
    0x08001844   0x000000a4   Code   RO         1396    i.TIM_TimeBaseInit  stm32f10x_tim.o
    0x080018e8   0x000000d0   Code   RO          308    i.Timer1_init       ws2812b.o
    0x080019b8   0x00000088   Code   RO          625    i.USART1_IRQHandler  usart.o
    0x08001a40   0x00000054   Code   RO         1065    i.USART_GetITStatus  stm32f10x_usart.o
    0x08001a94   0x0000000a   Code   RO         1075    i.USART_ReceiveData  stm32f10x_usart.o
    0x08001a9e   0x00000004   Code   RO          181    i.UsageFault_Handler  stm32f10x_it.o
    0x08001aa2   0x00000004   Code   RO          626    i._sys_exit         usart.o
    0x08001aa6   0x00000006   Code   RO         2287    i._ttywrch          gui_widget_progbar.o
    0x08001aac   0x000000bc   Code   RO         1928    i.check_State       gamemove.o
    0x08001b68   0x00000020   Code   RO         1864    i.confirm           gamemap.o
    0x08001b88   0x00000044   Code   RO          570    i.delay_init        delay.o
    0x08001bcc   0x0000004c   Code   RO          571    i.delay_ms          delay.o
    0x08001c18   0x00000026   Code   RO         2187    i.gui_draw_hline    gui_2d_lib.o
    0x08001c3e   0x00000038   Code   RO         2189    i.gui_draw_rect     gui_2d_lib.o
    0x08001c76   0x00000026   Code   RO         2190    i.gui_draw_vline    gui_2d_lib.o
    0x08001c9c   0x0000003a   Code   RO         2191    i.gui_fill_rect     gui_2d_lib.o
    0x08001cd6   0x00000020   Code   RO         2228    i.gui_interface_draw_pixel  gui_interface.o
    0x08001cf6   0x0000002a   Code   RO         2288    i.gui_widget_progbar_create  gui_widget_progbar.o
    0x08001d20   0x00000094   Code   RO         2289    i.gui_widget_progbar_set_value  gui_widget_progbar.o
    0x08001db4   0x00000090   Code   RO          372    i.inf_lcd_draw_pixel  oled.o
    0x08001e44   0x000000e8   Code   RO            1    i.main              main.o
    0x08001f2c   0x00000218   Code   RO         1929    i.move2             gamemove.o
    0x08002144   0x0000001c   Code   RO         1930    i.move_coordinate_update  gamemove.o
    0x08002160   0x0000002e   Code   RO          373    i.oled_set_pos      oled.o
    0x0800218e   0x00000002   PAD
    0x08002190   0x00000044   Code   RO         2290    i.show              gui_widget_progbar.o
    0x080021d4   0x00000544   Code   RO         1977    i.turtle_evil       game_turtle.o
    0x08002718   0x00000f64   Data   RO          375    .constdata          oled.o
    0x0800367c   0x00000020   Data   RO         2646    Region$$Table       anon$$obj.o


    Execution Region ER_RW (Base: 0x20000000, Size: 0x00000aa0, Max: 0xffffffff, ABSOLUTE, COMPRESSED[0x000002ec])

    Base Addr    Size         Type   Attr      Idx    E Section Name        Object

    0x20000000   0x00000008   Data   RW            3    .data               main.o
    0x20000008   0x00000014   Data   RW          266    .data               system_stm32f10x.o
    0x2000001c   0x00000004   Data   RW          573    .data               delay.o
    0x20000020   0x00000006   Data   RW          630    .data               usart.o
    0x20000026   0x00000002   PAD
    0x20000028   0x00000014   Data   RW         1931    .data               gamemove.o
    0x2000003c   0x00000a63   Data   RW         1978    .data               game_turtle.o
    0x20000a9f   0x00000001   Data   RW         2291    .data               gui_widget_progbar.o


    Execution Region ER_ZI (Base: 0x20000aa0, Size: 0x00002da8, Max: 0xffffffff, ABSOLUTE)

    Base Addr    Size         Type   Attr      Idx    E Section Name        Object

    0x20000aa0   0x00000280   Zero   RW          312    .bss                ws2812b.o
    0x20000d20   0x00002400   Zero   RW          374    .bss                oled.o
    0x20003120   0x000000c8   Zero   RW          629    .bss                usart.o
    0x200031e8   0x00000060   Zero   RW         2534    .bss                c_w.l(libspace.o)
    0x20003248   0x00000200   Zero   RW          677    HEAP                startup_stm32f10x_hd.o
    0x20003448   0x00000400   Zero   RW          676    STACK               startup_stm32f10x_hd.o


==============================================================================

Image component sizes


      Code (inc. data)   RO Data    RW Data    ZI Data      Debug   Object Name

        56          6          0          0          0        500   beep.o
       144         22          0          4          0       1212   delay.o
        24          8          0          0          0        442   game_flow.o
      1348        314          0       2659          0       2218   game_turtle.o
       672          4          0          0          0       3744   gamemap.o
       772         64          0         20          0       2528   gamemove.o
       190          0          0          0          0       2550   gui_2d_lib.o
        32          0          0          0          0        619   gui_interface.o
       264         10          0          1          0       2546   gui_widget_progbar.o
       572         22          0          0          0       1364   key.o
        52          6          0          0          0        495   led.o
       232         68          0          8          0     253351   main.o
        40          0          0          0          0        534   misc.o
      2360         54       3940          0       9216      12926   oled.o
        64         26        304          0       1536        804   startup_stm32f10x_hd.o
       392          8          0          0          0       2904   stm32f10x_dma.o
       304          0          0          0          0       3680   stm32f10x_gpio.o
        26          0          0          0          0       3786   stm32f10x_it.o
        64         12          0          0          0       1157   stm32f10x_rcc.o
       334         62          0          0          0       2554   stm32f10x_tim.o
        94          0          0          0          0       2740   stm32f10x_usart.o
         0          0          0          0          0         32   sys.o
       328         28          0         20          0       2137   system_stm32f10x.o
       140         14          0          6        200       2944   usart.o
       208         18          0          0        640       2167   ws2812b.o

    ----------------------------------------------------------------------
      8724        746       4276       2720      11592     309934   Object Totals
         0          0         32          0          0          0   (incl. Generated)
        12          0          0          2          0          0   (incl. Padding)

    ----------------------------------------------------------------------

      Code (inc. data)   RO Data    RW Data    ZI Data      Debug   Library Member Name

        90          0          0          0          0          0   __dczerorl2.o
         8          0          0          0          0         68   __main.o
         0          0          0          0          0          0   __rtentry.o
        12          0          0          0          0          0   __rtentry2.o
         6          0          0          0          0          0   __rtentry4.o
        52          8          0          0          0          0   __scatter.o
        28          0          0          0          0          0   __scatter_zi.o
        10          0          0          0          0         68   defsig_exit.o
        50          0          0          0          0         88   defsig_general.o
        80         58          0          0          0         76   defsig_rtmem_inner.o
        14          0          0          0          0         80   defsig_rtmem_outer.o
        12          0          0          0          0         72   exit.o
        94          0          0          0          0         80   h1_alloc.o
        52          0          0          0          0         68   h1_extend.o
        78          0          0          0          0         80   h1_free.o
        14          0          0          0          0         84   h1_init.o
         6          0          0          0          0        152   heapauxi.o
         4          0          0          0          0        136   hguard.o
       138          0          0          0          0        168   init_alloc.o
         2          0          0          0          0          0   libinit.o
        10          0          0          0          0          0   libinit2.o
         2          0          0          0          0          0   libshutdown.o
         2          0          0          0          0          0   libshutdown2.o
         8          4          0          0         96         68   libspace.o
         0          0          0          0          0          0   maybetermalloc1.o
         8          4          0          0          0         68   rt_heap_descriptor_intlibspace.o
       100          0          0          0          0         80   rt_memcpy_w.o
         2          0          0          0          0          0   rtexit.o
        10          0          0          0          0          0   rtexit2.o
        74          0          0          0          0         80   sys_stackheap_outer.o
         2          0          0          0          0         68   use_no_semi.o
         2          0          0          0          0         68   use_no_semi_2.o

    ----------------------------------------------------------------------
       980         74          0          0         96       1652   Library Totals
        10          0          0          0          0          0   (incl. Padding)

    ----------------------------------------------------------------------

      Code (inc. data)   RO Data    RW Data    ZI Data      Debug   Library Name

       970         74          0          0         96       1652   c_w.l

    ----------------------------------------------------------------------
       980         74          0          0         96       1652   Library Totals

    ----------------------------------------------------------------------

==============================================================================


      Code (inc. data)   RO Data    RW Data    ZI Data      Debug   

      9704        820       4276       2720      11688     307006   Grand Totals
      9704        820       4276        748      11688     307006   ELF Image Totals (compressed)
      9704        820       4276        748          0          0   ROM Totals

==============================================================================

    Total RO  Size (Code + RO Data)                13980 (  13.65kB)
    Total RW  Size (RW Data + ZI Data)             14408 (  14.07kB)
    Total ROM Size (Code + RO Data + RW Data)      14728 (  14.38kB)

==============================================================================

